// Vitest Snapshot v1, https://vitest.dev/guide/snapshot.html

exports[`integration:git/options/CommitGrammarOptions > validation > should fail validation if schema is invalid 1`] = `
[
  ValidationError {
    "children": [],
    "constraints": {
      "isEnum": "provider must be one of the following values: bitbucket, github, gitlab",
    },
    "property": "provider",
    "value": "gh",
  },
]
`;
