// Vitest Snapshot v1, https://vitest.dev/guide/snapshot.html

exports[`integration:git/options/GitCommitOptions > validation > should fail validation if schema is invalid 1`] = `
[
  ValidationError {
    "children": [],
    "constraints": {
      "isConstructor": "Commit must be a constructor",
    },
    "property": "Commit",
    "value": [Function Commit],
  },
  ValidationError {
    "children": [],
    "constraints": {
      "isString": "from must be a string",
    },
    "property": "from",
    "value": null,
  },
  ValidationError {
    "children": [],
    "constraints": {
      "isString": "to must be a string",
    },
    "property": "to",
    "value": /\\^HEAD/,
  },
]
`;
