// Vitest Snapshot v1, https://vitest.dev/guide/snapshot.html

exports[`integration:options/GitTagOptions > validation > should fail validation if schema is invalid 1`] = `
[
  ValidationError {
    "children": [],
    "constraints": {
      "isString": "tagprefix must be a string",
    },
    "property": "tagprefix",
    "value": /tutils@/,
  },
  ValidationError {
    "children": [],
    "constraints": {
      "isBoolean": "unstable must be a boolean value",
    },
    "property": "unstable",
    "value": 1,
  },
  ValidationError {
    "children": [],
    "constraints": {
      "isDirectory": "cwd must be an absolute directory path",
    },
    "property": "cwd",
    "value": "file:///",
  },
  ValidationError {
    "children": [],
    "constraints": {
      "isBoolean": "debug must be a boolean value",
    },
    "property": "debug",
    "value": null,
  },
]
`;
