// Vitest Snapshot v1, https://vitest.dev/guide/snapshot.html

exports[`integration:options/GitOptions > validation > should fail validation if schema is invalid 1`] = `
[
  ValidationError {
    "children": [],
    "constraints": {
      "isDirectory": "cwd must be an absolute directory path",
    },
    "property": "cwd",
    "value": "file:///",
  },
  ValidationError {
    "children": [],
    "constraints": {
      "isBoolean": "debug must be a boolean value",
    },
    "property": "debug",
    "value": null,
  },
]
`;
