// Vitest Snapshot v1, https://vitest.dev/guide/snapshot.html

exports[`integration:bump/operations/BumpOperation > validation > should fail validation if schema is invalid 1`] = `
[
  ValidationError {
    "children": [],
    "constraints": {
      "isString": "preid must be a string",
    },
    "property": "preid",
    "value": null,
  },
  ValidationError {
    "children": [],
    "constraints": {
      "isIn": "prestart must be one of the following values: 0, 1",
    },
    "property": "prestart",
    "value": 3,
  },
  ValidationError {
    "children": [],
    "constraints": {
      "isReleaseVersion": "release must be a release type or semantic version",
    },
    "property": "release",
    "value": "3.1",
  },
  ValidationError {
    "children": [],
    "constraints": {
      "isBoolean": "write must be a boolean value",
    },
    "property": "write",
    "value": 1,
  },
]
`;
