// Vitest Snapshot v1, https://vitest.dev/guide/snapshot.html

exports[`integration:changelog/operations/ChangelogOperation > validation > should fail validation if schema is invalid 1`] = `
[
  ValidationError {
    "children": [],
    "constraints": {
      "isConstructor": "Formatter must be a constructor",
    },
    "property": "Formatter",
    "value": [Function Formatter],
  },
  ValidationError {
    "children": [],
    "constraints": {
      "isString": "infile must be a string",
    },
    "property": "infile",
    "value": null,
  },
  ValidationError {
    "children": [],
    "constraints": {
      "isString": "outfile must be a string",
    },
    "property": "outfile",
    "value": null,
  },
  ValidationError {
    "children": [],
    "constraints": {
      "isBoolean": "samefile must be a boolean value",
    },
    "property": "samefile",
    "value": 1,
  },
  ValidationError {
    "children": [],
    "constraints": {
      "isBoolean": "write must be a boolean value",
    },
    "property": "write",
    "value": 0,
  },
]
`;
