// Vitest Snapshot v1, https://vitest.dev/guide/snapshot.html

exports[`unit:changelog/models/ChangelogFormatter > #formatEntry > first entry > should return formatted changelog entry 1`] = `
"## grease@1.0.0 (2021-08-15)

### :package: Build

- [[\`d7dd980\`](https://github.com/flex-development/grease/commit/d7dd9804da2da2e702e4535dbb2c39588981f8e4)] **deps-dev:** bump \`eslint-plugin-jsdoc\` to \`36.0.6\`
- [[\`9154d92\`](https://github.com/flex-development/grease/commit/9154d924ed1f081deaf913dfdef91bc74c37b792)] **deps-dev:** remove extraneous dependency \`ts-loader\`
- [[\`60789a6\`](https://github.com/flex-development/grease/commit/60789a6be855b4d81bdb951d1a3b05b46eb689df)] **deps:** bump @types/debug from 4.1.5 to 4.1.7 ([#1](https://github.com/flex-development/grease/issues/1))
- [[\`6f0d77a\`](https://github.com/flex-development/grease/commit/6f0d77a77ab56048a1c692900d10c666c8cad071)] **deps:** bump @types/lodash from 4.14.170 to 4.14.171 ([#3](https://github.com/flex-development/grease/issues/3))
- [[\`8504d8b\`](https://github.com/flex-development/grease/commit/8504d8be10064d89743c6de2af12dca9a2664265)] **deps:** bump @types/lodash from 4.14.171 to 4.14.172 ([#6](https://github.com/flex-development/grease/issues/6))
- [[\`8bbc133\`](https://github.com/flex-development/grease/commit/8bbc133947d49b550866fa72ff14a9199569e0fe)] **deps:** bump chalk from 4.1.1 to 4.1.2 ([#2](https://github.com/flex-development/grease/issues/2))
- [[\`8e5ec25\`](https://github.com/flex-development/grease/commit/8e5ec256d72e000e1f6d417caaedc12bd8391467)] **node:** add types only production build

### :pencil: Documentation

- [[\`857f9b0\`](https://github.com/flex-development/grease/commit/857f9b01333fe9b5c8d5a7b69bb4a4d6f50fd9c5)] code reviews
- [[\`a8fff2f\`](https://github.com/flex-development/grease/commit/a8fff2f748de5773d2eeb43ebef8fcb2b2804b0e)] fix link to \\"Generating Release Notes\\" section
- [[\`e74300f\`](https://github.com/flex-development/grease/commit/e74300f0bc933b992170a044390ca337497aecf5)] releasing
- [[\`fa65fde\`](https://github.com/flex-development/grease/commit/fa65fde247ee9e709e2da7a42a59e6ef0fa1a690)] update \`Getting Started\` section in \`README\`
- [[\`b0ad929\`](https://github.com/flex-development/grease/commit/b0ad929ece55c29d6b33521c39c0ecdb0a00f8b6)] update contributing guide
- [[\`73f2f1c\`](https://github.com/flex-development/grease/commit/73f2f1c31b6749f73fbb94941aae52d356d058b1)] update usage examples

### :sparkles: Features

- [[\`2e5894a\`](https://github.com/flex-development/grease/commit/2e5894a273d809a1f595a3e318f4e99656389f0c)] **node:** \`GreaseOptions.gitdir\`
- [[\`2b697aa\`](https://github.com/flex-development/grease/commit/2b697aada7bbb6c5f593f6ac2e32ee187b760700)] **node:** \`GreaseOptions.verify\`
- [[\`105ec5b\`](https://github.com/flex-development/grease/commit/105ec5b5a95b545d4dae9a2e5accc00b95f1494c)] **node:** add \`GreaseScripts.postrelease\`
- [[\`fc61afa\`](https://github.com/flex-development/grease/commit/fc61afacf4cb74d6c5173d7c97a0a82174a7ef56)] **node:** release branch whitelist
- [[\`38bedbc\`](https://github.com/flex-development/grease/commit/38bedbcaca0c84812519b5c65a6f8f6802c7b50c)] **node:** validate release data during \`greaser\` lifecycle

### :bug: Fixes

- [[\`8e65403\`](https://github.com/flex-development/grease/commit/8e65403f2290ad6269d8f36d3df9599e85f7d070)] \`commitlint.config\`
- [[\`5d34043\`](https://github.com/flex-development/grease/commit/5d34043d3a286673246f67789301fa7fbb30d100)] eslint typescript project settings
- [[\`fbe5265\`](https://github.com/flex-development/grease/commit/fbe5265945f0ff1b986c1a05486f7a2a8014a6cc)] **node:** \`cannot read property 'options' of undefined\`
- [[\`20abaf1\`](https://github.com/flex-development/grease/commit/20abaf1c01c3e9101d7831d1679aede152e8c4ae)] **node:** \`CreateReleaseDTO validation failure: [files,version]\`
- [[\`9cd322c\`](https://github.com/flex-development/grease/commit/9cd322c035c7e50e13b7d8a89c20d8cc21feaa8d)] **node:** \`CreateReleaseDTO validation failure: [version]\`
- [[\`a1a6f86\`](https://github.com/flex-development/grease/commit/a1a6f863f8185dbcdcf2ab8fc26f546b0ed1c45d)] **node:** \`CreateReleaseDTO#toString\`
- [[\`4dfdbe4\`](https://github.com/flex-development/grease/commit/4dfdbe4ee1be6bf0bca4485ff66e341a5921abd0)] **node:** \`CreateReleaseDTO#toString\`
- [[\`622d9ac\`](https://github.com/flex-development/grease/commit/622d9aca2c5044ff3cfc9ed1141b660b1787be34)] **node:** \`CreateReleaseDTO#toString\`
- [[\`4f90f0b\`](https://github.com/flex-development/grease/commit/4f90f0be1e348bf230ea34e1cc9a1191ece93fdc)] **node:** \`grease/main\` runs \`options.scripts.prerelease\` twice
- [[\`c6c9db0\`](https://github.com/flex-development/grease/commit/c6c9db0e4b44a1694dbb16327ad8451485c58d21)] **node:** \`grease/main\` runs \`options.scripts.prerelease\` twice
- [[\`fd8aece\`](https://github.com/flex-development/grease/commit/fd8aeceda095c05708c4b62359b1c04ef1c1e7ef)] **node:** \`GreaseOptions.infile\` decorator
- [[\`0a82c6e\`](https://github.com/flex-development/grease/commit/0a82c6e296d933fe6aefc3067ea922c1e59a0b0a)] **node:** \`IsTargetBranchConstraint.validate\`
- [[\`a49eb3b\`](https://github.com/flex-development/grease/commit/a49eb3bdca948b6c659f1d8329da6e85410fd807)] **node:** \`package.json#types\`
- [[\`36daabb\`](https://github.com/flex-development/grease/commit/36daabbbd1318e3c8fc057c6e4e37c17dd6e102e)] **node:** \`standard-version/lib/run-lifecycle-script\` usage
- [[\`68ccc1f\`](https://github.com/flex-development/grease/commit/68ccc1fab3f2c5423b29fe452a7a26f6e44bf158)] **node:** \`updaters_1.default is not a function\`
- [[\`8b3b8f4\`](https://github.com/flex-development/grease/commit/8b3b8f49cc58fab46b6059a1b3c2c9928e7a1786)] **node:** add \`GreaseScripts.postdepchecker\`
- [[\`91f560a\`](https://github.com/flex-development/grease/commit/91f560a5b00474f614831e451f069b04ebc495a1)] **node:** release tagging
- [[\`eff36a2\`](https://github.com/flex-development/grease/commit/eff36a28f58f0df47e7d743f673473870a252d02)] **scripts:** \`check:style\`
- [[\`3febb13\`](https://github.com/flex-development/grease/commit/3febb13dd383214d240f118839fc7d0052cd3098)] **typescript:** \`@zerollup/ts-transform-paths\` usage

### :house_with_garden: Housekeeping

- [[\`d3e9f8a\`](https://github.com/flex-development/grease/commit/d3e9f8ae00bdddd11f64849cfe9a20ec7bb872c0)] \`yarn set version 3.0.1\`
- [[\`34a51ba\`](https://github.com/flex-development/grease/commit/34a51ba8be5ef5822eaf34ea9d403122c9c1d56b)] add \`CHANGELOG\` files to \`.prettierignore\`
- [[\`3bbf8be\`](https://github.com/flex-development/grease/commit/3bbf8be104c85f30ee0674af96b252761a170018)] add \`publish:node\` script
- [[\`3d88b50\`](https://github.com/flex-development/grease/commit/3d88b50c95996d3b8794219b4ef2025645066fc5)] add \`scope:cache\` label
- [[\`2f29aa3\`](https://github.com/flex-development/grease/commit/2f29aa3698cf31043389f43502b7423c2dd106af)] P010-1 initial commit
- [[\`25ac6a6\`](https://github.com/flex-development/grease/commit/25ac6a6bb0d0c7569c33200a614a03c523ed9f8c)] P010-3 #done #time 15m
- [[\`1d609e9\`](https://github.com/flex-development/grease/commit/1d609e9ac2a411106a1eb425c683b257de71fc3e)] replace \`scope:grease-cli\` with \`scope:cli\`
- [[\`0e63fc7\`](https://github.com/flex-development/grease/commit/0e63fc7a1448d0d91dcee5243e8286feb119f5ff)] replace \`scope:grease\` label with \`scope:node\`
- [[\`0bd0082\`](https://github.com/flex-development/grease/commit/0bd0082a6e9f7a664f7e76969422b00ae108d721)] run \`yarn bootstrap\`
- [[\`127aea5\`](https://github.com/flex-development/grease/commit/127aea5c5131f8b40042d4a10c4b07a79e7c3ea2)] update publish config
- [[\`796873b\`](https://github.com/flex-development/grease/commit/796873b1343c11eaabd68a7a7eeb50759ff56314)] **node-release:** allow users to download package from github
- [[\`d15c166\`](https://github.com/flex-development/grease/commit/d15c166d75c60208b690e4d829c4d6065d2c62d3)] **node-scripts:** add release workflow script
- [[\`eb097c0\`](https://github.com/flex-development/grease/commit/eb097c0979a136892b6d2ac20d82c4ae5895be10)] **node-scripts:** update release workflow
- [[\`78a4b6a\`](https://github.com/flex-development/grease/commit/78a4b6ab20dfd8f1f37fd87e1287370e97cc23c7)] **node-scripts:** update release workflow
- [[\`92c75a1\`](https://github.com/flex-development/grease/commit/92c75a157935246168ac8314c722dd24bf60dcd5)] **node:** add \`prepublish\` script
- [[\`800d232\`](https://github.com/flex-development/grease/commit/800d2329212633c3974a9ec1b5bf33fda929fc34)] **node:** update \`package.json#publishConfig\`
- [[\`0de83c3\`](https://github.com/flex-development/grease/commit/0de83c3fdf156d683fd8c5ff4519c741b536c6e5)] **release:** @flex-development/grease@1.0.0

### :mechanical_arm: Refactors

- [[\`2267cb8\`](https://github.com/flex-development/grease/commit/2267cb8126e205b2b2955313d430e5144830a681)] implement monorepo architecture
- [[\`eddf14f\`](https://github.com/flex-development/grease/commit/eddf14fa2e68a9bfc9fe57ab5b541010f12866b5)] **node:** \`CreateReleaseDTO.files\` validation options
- [[\`7387e1a\`](https://github.com/flex-development/grease/commit/7387e1abff4f1d823cce80e5c44f6a95cfaa894b)] **node:** \`grease/main\` error log
- [[\`99a20e5\`](https://github.com/flex-development/grease/commit/99a20e5fc3ba39b15ebd7c1880c408bd0c5c2c25)] **node:** \`greaser\` lifecycle logging
- [[\`c319f84\`](https://github.com/flex-development/grease/commit/c319f840cff16462260e17f54c8862c13408b56c)] **node:** lifecycle logs
- [[\`c3bb103\`](https://github.com/flex-development/grease/commit/c3bb1038064468a01b2503b950a4644331256e82)] **node:** validation api

### :wastebasket: Reverts

- [[\`f56dea7\`](https://github.com/flex-development/grease/commit/f56dea7be7c0ab10c37972a76710b0a27362f9cd)] **node:** add types only production build
"
`;

exports[`unit:changelog/models/ChangelogFormatter > #formatEntry > new entry > should return formatted changelog entry 1`] = `
"## [1.0.0-alpha.21](https://github.com/flex-development/mkbuild/compare/1.0.0-alpha.20...1.0.0-alpha.21) (2023-09-25)

### ⚠ BREAKING CHANGES

- **deps-peer:** bump typescript from >=4.8 to >=5.0.4
- **deps-peer:** bump esbuild from >=0.17.16 to >=0.19.0

### :package: Build

- [[\`bcac6be\`](https://github.com/flex-development/mkbuild/commit/bcac6be4533d1ef390c13dd9720f19ade4fed4a0)] **deps-dev:** Bump @commitlint/cli from 17.5.1 to 17.6.1 ([#215](https://github.com/flex-development/mkbuild/issues/215))
- [[\`a8a1910\`](https://github.com/flex-development/mkbuild/commit/a8a191030af17cead765635657000f69f60150e1)] **deps-dev:** Bump @commitlint/cli from 17.6.1 to 17.6.3 ([#245](https://github.com/flex-development/mkbuild/issues/245))
- [[\`bfd8c8a\`](https://github.com/flex-development/mkbuild/commit/bfd8c8a245008cd24e7a83380e665e22d3d94013)] **deps-dev:** Bump @faker-js/faker from 8.0.0-alpha.2 to 8.0.0-beta.0 ([#237](https://github.com/flex-development/mkbuild/issues/237))
- [[\`7767381\`](https://github.com/flex-development/mkbuild/commit/77673817454aa759b8f1b73f1130f8141638096b)] **deps-dev:** Bump @faker-js/faker from 8.0.0-beta.0 to 8.0.1 ([#267](https://github.com/flex-development/mkbuild/issues/267))
- [[\`3a18713\`](https://github.com/flex-development/mkbuild/commit/3a18713ae02ac5369825e95a29ff33f1094737f4)] **deps-dev:** Bump @nestjs/common from 9.4.0 to 9.4.1 ([#264](https://github.com/flex-development/mkbuild/issues/264))
- [[\`d80e3ce\`](https://github.com/flex-development/mkbuild/commit/d80e3ce7d0fa34f111cd4fb216b2f981ae82b45d)] **deps-dev:** Bump @nestjs/testing from 9.4.0 to 9.4.2 ([#273](https://github.com/flex-development/mkbuild/issues/273))
- [[\`2302f52\`](https://github.com/flex-development/mkbuild/commit/2302f523b082a1119c9803c3e6720ffcf17ac571)] **deps-dev:** Bump @typescript-eslint/eslint-plugin from 5.57.1 to 5.58.0 ([#200](https://github.com/flex-development/mkbuild/issues/200))
- [[\`b7e5d2c\`](https://github.com/flex-development/mkbuild/commit/b7e5d2c3e1a06dda22791689004fbab4e1feec75)] **deps-dev:** Bump @typescript-eslint/eslint-plugin from 5.58.0 to 5.59.1 ([#226](https://github.com/flex-development/mkbuild/issues/226))
- [[\`fbbd66f\`](https://github.com/flex-development/mkbuild/commit/fbbd66ff789ac98a4da2a2f6a566d714d395b22d)] **deps-dev:** Bump @typescript-eslint/eslint-plugin from 5.59.1 to 5.59.2 ([#239](https://github.com/flex-development/mkbuild/issues/239))
- [[\`54af0f1\`](https://github.com/flex-development/mkbuild/commit/54af0f169f33bb6b456e8ece5e49f8851f212059)] **deps-dev:** Bump @typescript-eslint/eslint-plugin from 5.59.2 to 5.59.6 ([#263](https://github.com/flex-development/mkbuild/issues/263))
- [[\`346ea89\`](https://github.com/flex-development/mkbuild/commit/346ea897e0041912b898b80918d91bec8e8abd90)] **deps-dev:** Bump @typescript-eslint/eslint-plugin from 5.59.6 to 5.59.9 ([#282](https://github.com/flex-development/mkbuild/issues/282))
- [[\`0483dec\`](https://github.com/flex-development/mkbuild/commit/0483deca1d68e109bfebe089a3f8743abbbf5eb9)] **deps-dev:** Bump @typescript-eslint/parser from 5.57.1 to 5.58.0 ([#198](https://github.com/flex-development/mkbuild/issues/198))
- [[\`8535942\`](https://github.com/flex-development/mkbuild/commit/853594280f3ff765013bc61d6aba189cdd287d1a)] **deps-dev:** Bump @typescript-eslint/parser from 5.58.0 to 5.59.1 ([#225](https://github.com/flex-development/mkbuild/issues/225))
- [[\`12be8bd\`](https://github.com/flex-development/mkbuild/commit/12be8bd49a2d93d816c63f1db4df883fcf85ba9e)] **deps-dev:** Bump @typescript-eslint/parser from 5.59.1 to 5.59.2 ([#240](https://github.com/flex-development/mkbuild/issues/240))
- [[\`caae4f4\`](https://github.com/flex-development/mkbuild/commit/caae4f47eb5580981e0b72f7a273dcd61ad9248e)] **deps-dev:** Bump @typescript-eslint/parser from 5.59.2 to 5.59.6 ([#265](https://github.com/flex-development/mkbuild/issues/265))
- [[\`8838fb5\`](https://github.com/flex-development/mkbuild/commit/8838fb554d172558531bf8446e8fa087a65cf257)] **deps-dev:** Bump @vitest/coverage-c8 from 0.30.0 to 0.30.1 ([#208](https://github.com/flex-development/mkbuild/issues/208))
- [[\`17fa527\`](https://github.com/flex-development/mkbuild/commit/17fa527e9d0bdd06c700dd76ba0fd82923393842)] **deps-dev:** Bump @vitest/coverage-c8 from 0.30.1 to 0.31.0 ([#244](https://github.com/flex-development/mkbuild/issues/244))
- [[\`f574f57\`](https://github.com/flex-development/mkbuild/commit/f574f574d7f18fff517c44048e055d91f504c843)] **deps-dev:** Bump @vitest/ui from 0.30.0 to 0.30.1 ([#207](https://github.com/flex-development/mkbuild/issues/207))
- [[\`fefe745\`](https://github.com/flex-development/mkbuild/commit/fefe74554253003c60b4cc4b3fbe83f88748e447)] **deps-dev:** Bump @vitest/ui from 0.30.1 to 0.31.0 ([#243](https://github.com/flex-development/mkbuild/issues/243))
- [[\`f683b68\`](https://github.com/flex-development/mkbuild/commit/f683b68ee0c3a6df4e2d3f0a1934a0131efef5ab)] **deps-dev:** Bump conventional-changelog from 3.1.25 to 4.0.0 ([#283](https://github.com/flex-development/mkbuild/issues/283))
- [[\`e76b6bb\`](https://github.com/flex-development/mkbuild/commit/e76b6bb986788dc9e319b711fca6628905421dbf)] **deps-dev:** Bump esbuild from 0.17.16 to 0.17.18 ([#228](https://github.com/flex-development/mkbuild/issues/228))
- [[\`f80b788\`](https://github.com/flex-development/mkbuild/commit/f80b788b5c73b3f077293cc8e273977cd2271310)] **deps-dev:** Bump esbuild from 0.17.18 to 0.17.19 ([#258](https://github.com/flex-development/mkbuild/issues/258))
- [[\`72f7f76\`](https://github.com/flex-development/mkbuild/commit/72f7f76119fb0ce488604c4d34afb09a58f4e7dd)] **deps-dev:** Bump eslint from 8.38.0 to 8.39.0 ([#236](https://github.com/flex-development/mkbuild/issues/236))
- [[\`7c56a77\`](https://github.com/flex-development/mkbuild/commit/7c56a771393c6f883776df3f938a9c382d9aa619)] **deps-dev:** Bump eslint-plugin-jsdoc from 40.1.2 to 40.3.0 ([#202](https://github.com/flex-development/mkbuild/issues/202))
- [[\`396e34c\`](https://github.com/flex-development/mkbuild/commit/396e34c63f42326af86b442bc67f5c53846848fa)] **deps-dev:** Bump eslint-plugin-jsonc from 2.7.0 to 2.8.0 ([#270](https://github.com/flex-development/mkbuild/issues/270))
- [[\`f8823e3\`](https://github.com/flex-development/mkbuild/commit/f8823e3a0ec3fde7ff75b93a603818570a0d82e8)] **deps-dev:** Bump eslint-plugin-yml from 1.5.0 to 1.7.0 ([#252](https://github.com/flex-development/mkbuild/issues/252))
- [[\`29b9802\`](https://github.com/flex-development/mkbuild/commit/29b9802d4768e70a0f1b2387726413f4cc9f9e06)] **deps-dev:** Bump jsonc-eslint-parser from 2.2.0 to 2.3.0 ([#266](https://github.com/flex-development/mkbuild/issues/266))
- [[\`67296ee\`](https://github.com/flex-development/mkbuild/commit/67296ee150b5bb88dd99ac2ca974d90ae9191295)] **deps-dev:** Bump lint-staged from 13.2.1 to 13.2.2 ([#234](https://github.com/flex-development/mkbuild/issues/234))
- [[\`4f7d78e\`](https://github.com/flex-development/mkbuild/commit/4f7d78eda57ffbf186dc5ae5bbdccbaee48949f9)] **deps-dev:** Bump memfs from 3.5.0 to 3.5.1 ([#232](https://github.com/flex-development/mkbuild/issues/232))
- [[\`193628e\`](https://github.com/flex-development/mkbuild/commit/193628ee6abdb6d16573ed3d0a185355ee9451ce)] **deps-dev:** bump nest-commander from 3.6.1 to 3.11.1
- [[\`aa6124a\`](https://github.com/flex-development/mkbuild/commit/aa6124a6c9af644862333d91dcf18c1883319cfb)] **deps-dev:** Bump prettier from 2.8.7 to 2.8.8 ([#231](https://github.com/flex-development/mkbuild/issues/231))
- [[\`f42159f\`](https://github.com/flex-development/mkbuild/commit/f42159fe16d26a3e29e909a55b4cd805e979d5f9)] **deps-dev:** Bump rxjs from 8.0.0-alpha.8 to 8.0.0-alpha.9 ([#235](https://github.com/flex-development/mkbuild/issues/235))
- [[\`134b3a8\`](https://github.com/flex-development/mkbuild/commit/134b3a8f696eebc22541f8d1a871f4bba4c598f9)] **deps-dev:** Bump rxjs from 8.0.0-alpha.9 to 8.0.0-alpha.10 ([#316](https://github.com/flex-development/mkbuild/issues/316))
- [[\`88dabfc\`](https://github.com/flex-development/mkbuild/commit/88dabfcca8ca589faa350dedb27311c840f147dc)] **deps-dev:** Bump semver from 7.3.8 to 7.4.0 ([#201](https://github.com/flex-development/mkbuild/issues/201))
- [[\`c15d78d\`](https://github.com/flex-development/mkbuild/commit/c15d78de9413bb5ab9c944f37e239e689346e6c7)] **deps-dev:** Bump semver from 7.4.0 to 7.5.0 ([#230](https://github.com/flex-development/mkbuild/issues/230))
- [[\`7608d6d\`](https://github.com/flex-development/mkbuild/commit/7608d6d263f4da9a4f9dbc37a8c8706d624250c5)] **deps-dev:** Bump semver from 7.5.0 to 7.5.1 ([#260](https://github.com/flex-development/mkbuild/issues/260))
- [[\`37bd0b7\`](https://github.com/flex-development/mkbuild/commit/37bd0b7f0f1a084e3c9c22bd3e185b97ed36592c)] **deps-dev:** Bump semver from 7.5.1 to 7.5.2 ([#291](https://github.com/flex-development/mkbuild/issues/291))
- [[\`3221385\`](https://github.com/flex-development/mkbuild/commit/32213856dc244f24ba95361b23e5366aa16a81ac)] **deps-dev:** Bump the conventional-changelog group with 4 updates ([#308](https://github.com/flex-development/mkbuild/issues/308))
- [[\`417b284\`](https://github.com/flex-development/mkbuild/commit/417b284d1b54cfbb40079030aa5c9979f8f26568)] **deps-dev:** Bump the nest-commander group with 2 updates ([#310](https://github.com/flex-development/mkbuild/issues/310))
- [[\`2c00577\`](https://github.com/flex-development/mkbuild/commit/2c005779e389242c06d8a4625b13f8e6bda19c22)] **deps-dev:** Bump the nestjs group with 3 updates ([#311](https://github.com/flex-development/mkbuild/issues/311))
- [[\`2d6c332\`](https://github.com/flex-development/mkbuild/commit/2d6c3329c5524fda5f6dc1a177ba75ea203d7b17)] **deps-dev:** Bump vite from 4.2.1 to 4.3.3 ([#238](https://github.com/flex-development/mkbuild/issues/238))
- [[\`5f82361\`](https://github.com/flex-development/mkbuild/commit/5f823610109407643f81d2cf4a292ed9f288d988)] **deps-dev:** Bump vite from 4.3.3 to 4.3.4 ([#241](https://github.com/flex-development/mkbuild/issues/241))
- [[\`4666178\`](https://github.com/flex-development/mkbuild/commit/4666178ea40889ac304c995f6364078f38794392)] **deps-dev:** Bump vite from 4.3.4 to 4.3.5 ([#254](https://github.com/flex-development/mkbuild/issues/254))
- [[\`6b65962\`](https://github.com/flex-development/mkbuild/commit/6b659629040134e309e35016329bd838d380cd4b)] **deps-dev:** Bump vite from 4.3.5 to 4.3.9 ([#280](https://github.com/flex-development/mkbuild/issues/280))
- [[\`00568f8\`](https://github.com/flex-development/mkbuild/commit/00568f8514c3193a6237979d33498b85e5ffcd7d)] **deps-dev:** Bump vite-tsconfig-paths from 4.0.8 to 4.1.0 ([#199](https://github.com/flex-development/mkbuild/issues/199))
- [[\`05e80bc\`](https://github.com/flex-development/mkbuild/commit/05e80bc9ca18bde040289bad07ac2a8ffa0aae85)] **deps-dev:** Bump vite-tsconfig-paths from 4.1.0 to 4.2.0 ([#210](https://github.com/flex-development/mkbuild/issues/210))
- [[\`ef3acc8\`](https://github.com/flex-development/mkbuild/commit/ef3acc86cc186047ec4f8579a182b242580d95bf)] **deps-dev:** Bump vitest from 0.30.0 to 0.30.1 ([#205](https://github.com/flex-development/mkbuild/issues/205))
- [[\`d00ea5f\`](https://github.com/flex-development/mkbuild/commit/d00ea5f5d6a13409469987d3ea7903b42f69d312)] **deps-dev:** Bump vitest from 0.30.1 to 0.31.1 ([#262](https://github.com/flex-development/mkbuild/issues/262))
- [[\`a8e34af\`](https://github.com/flex-development/mkbuild/commit/a8e34afd7c0923755124ffc78c91508bb5fc8796)] **deps-dev:** Bump word-wrap from 1.2.3 to 1.2.4 ([#303](https://github.com/flex-development/mkbuild/issues/303))
- [[\`4029e9d\`](https://github.com/flex-development/mkbuild/commit/4029e9d4f306d6703a8cd505d5119287e3550435)] **deps-dev:** Bump word-wrap from 1.2.4 to 1.2.5 ([#317](https://github.com/flex-development/mkbuild/issues/317))
- [[\`fccb080\`](https://github.com/flex-development/mkbuild/commit/fccb08098f8fc208f6c62d9ca518b57c2e2ade0c)] **deps-dev:** Bump yaml-eslint-parser from 1.2.0 to 1.2.2 ([#250](https://github.com/flex-development/mkbuild/issues/250))
- [[\`530c25f\`](https://github.com/flex-development/mkbuild/commit/530c25f602eaa5ac3fdc4760087426023915f7d2)] **deps-peer:** bump esbuild from >=0.17.16 to >=0.19.0
- [[\`6216456\`](https://github.com/flex-development/mkbuild/commit/6216456c3af53743d05b45b9516399a9c739cad6)] **deps-peer:** bump typescript from >=4.8 to >=5.0.4
- [[\`3082838\`](https://github.com/flex-development/mkbuild/commit/3082838c423eabf13aa9f367823f2ca488cc382e)] **deps:** bump @flex-development/tutils from 6.0.0-alpha.10 to 6.0.0-alpha.18
- [[\`1d5fb7e\`](https://github.com/flex-development/mkbuild/commit/1d5fb7e387bdf36808c0e5eb961dbede707e72fd)] **deps:** Bump colorette from 2.0.19 to 2.0.20 ([#219](https://github.com/flex-development/mkbuild/issues/219))
- [[\`075a097\`](https://github.com/flex-development/mkbuild/commit/075a097a9233e7135092676b9b236bad18cb8ab7)] **deps:** Bump consola from 3.0.0-3 to 3.0.2 ([#212](https://github.com/flex-development/mkbuild/issues/212))
- [[\`f4c5a53\`](https://github.com/flex-development/mkbuild/commit/f4c5a53f06526fa1e6ffaab29298d35a37ad836d)] **deps:** Bump consola from 3.0.2 to 3.1.0 ([#229](https://github.com/flex-development/mkbuild/issues/229))
- [[\`d6c9df4\`](https://github.com/flex-development/mkbuild/commit/d6c9df4f7ac2f774d0be773a9429cf5cd9ede128)] **deps:** Bump consola from 3.1.0 to 3.2.3 ([#313](https://github.com/flex-development/mkbuild/issues/313))
- [[\`1a305bd\`](https://github.com/flex-development/mkbuild/commit/1a305bd598828b17b9dea88dd92d9a2ac2b642a1)] **deps:** Bump cosmiconfig from 8.1.3 to 8.2.0 ([#319](https://github.com/flex-development/mkbuild/issues/319))
- [[\`2738ea1\`](https://github.com/flex-development/mkbuild/commit/2738ea1d55a1870b426ac2f095a86c2a95b3b2d9)] **deps:** Bump fast-glob from 3.2.12 to 3.3.1 ([#318](https://github.com/flex-development/mkbuild/issues/318))
- [[\`a0a5af6\`](https://github.com/flex-development/mkbuild/commit/a0a5af67975057e60b0835ac339546802ad34dae)] **deps:** Bump merge-anything from 5.1.4 to 5.1.5 ([#233](https://github.com/flex-development/mkbuild/issues/233))
- [[\`772d4f7\`](https://github.com/flex-development/mkbuild/commit/772d4f722b57ba5e12d0128e8df54e23168ae06e)] **deps:** Bump merge-anything from 5.1.5 to 5.1.6 ([#256](https://github.com/flex-development/mkbuild/issues/256))
- [[\`7b3b852\`](https://github.com/flex-development/mkbuild/commit/7b3b8521cb0abea69523f75e9ecfdb47658b746f)] **deps:** Bump pretty-bytes from 6.1.0 to 6.1.1 ([#320](https://github.com/flex-development/mkbuild/issues/320))
- [[\`01d00df\`](https://github.com/flex-development/mkbuild/commit/01d00df3f0aa3058d8f9a5ecdd1dc2bbf00014cd)] **deps:** Bump the flex-development group with 8 updates ([#312](https://github.com/flex-development/mkbuild/issues/312))
- [[\`a2d139b\`](https://github.com/flex-development/mkbuild/commit/a2d139b8b07c6068960c7a5102fa3e8c00c21992)] **deps:** replace colorette with tinyrainbow

### :robot: Continuous Integration

- [[\`ea9bb05\`](https://github.com/flex-development/mkbuild/commit/ea9bb054601deddb420c675dd83ea6ce00e303ee)] [[@dependabot](https://github.com/dependabot)] configure grouped version updates
- [[\`20089cc\`](https://github.com/flex-development/mkbuild/commit/20089cc99ac1fd2230dc1f0d6f73a07d8e53fe49)] [[@dependabot](https://github.com/dependabot)] merge nest-commander and nestjs groups
- [[\`ee8602a\`](https://github.com/flex-development/mkbuild/commit/ee8602a3e56dca6ee6da32bb83592e8429a12dd8)] **deps:** Bump actions/checkout from 3.5.0 to 3.5.1 ([#209](https://github.com/flex-development/mkbuild/issues/209))
- [[\`d82f74d\`](https://github.com/flex-development/mkbuild/commit/d82f74d8cdbdb880a8038f9bd2f52aae42a65688)] **deps:** Bump actions/checkout from 3.5.1 to 3.5.2 ([#211](https://github.com/flex-development/mkbuild/issues/211))
- [[\`2b04e63\`](https://github.com/flex-development/mkbuild/commit/2b04e63ef654b99def11c248d199d3d729cc4afe)] **deps:** Bump actions/checkout from 3.5.2 to 3.5.3 ([#287](https://github.com/flex-development/mkbuild/issues/287))
- [[\`50c45b5\`](https://github.com/flex-development/mkbuild/commit/50c45b578eeed5fa321a0da66d268a0a9e404e33)] **deps:** Bump actions/setup-node from 3.6.0 to 3.7.0 ([#298](https://github.com/flex-development/mkbuild/issues/298))
- [[\`57463a1\`](https://github.com/flex-development/mkbuild/commit/57463a1e8a1a4ba2e0d11a744a26286cc1b12600)] **deps:** Bump codecov/codecov-action from 3.1.1 to 3.1.2 ([#203](https://github.com/flex-development/mkbuild/issues/203))
- [[\`41ab424\`](https://github.com/flex-development/mkbuild/commit/41ab42457626109fb76e5d9cd23fa4030995ae69)] **deps:** Bump codecov/codecov-action from 3.1.2 to 3.1.3 ([#223](https://github.com/flex-development/mkbuild/issues/223))
- [[\`8263918\`](https://github.com/flex-development/mkbuild/commit/8263918f4363ad39e49753ba5b23a8329dbce4f6)] **deps:** Bump codecov/codecov-action from 3.1.3 to 3.1.4 ([#259](https://github.com/flex-development/mkbuild/issues/259))
- [[\`8834fb0\`](https://github.com/flex-development/mkbuild/commit/8834fb07c8067d40f8638749dfafb62b7acaf23b)] **deps:** Bump crazy-max/ghaction-import-gpg from 5.2.0 to 5.3.0 ([#248](https://github.com/flex-development/mkbuild/issues/248))
- [[\`e96d285\`](https://github.com/flex-development/mkbuild/commit/e96d285771a3f9bb681b37a2520c3d530797a5ac)] **deps:** Bump dependabot/fetch-metadata from 1.3.6 to 1.4.0 ([#217](https://github.com/flex-development/mkbuild/issues/217))
- [[\`31edd93\`](https://github.com/flex-development/mkbuild/commit/31edd934193bcb27d29cec2ef19d156e1d77cea2)] **deps:** Bump dependabot/fetch-metadata from 1.4.0 to 1.5.0 ([#269](https://github.com/flex-development/mkbuild/issues/269))
- [[\`c6b70e7\`](https://github.com/flex-development/mkbuild/commit/c6b70e7dc1be16ba626ef22848ba17e1fc12f1aa)] **deps:** Bump dependabot/fetch-metadata from 1.5.0 to 1.5.1 ([#272](https://github.com/flex-development/mkbuild/issues/272))
- [[\`4a7fb8a\`](https://github.com/flex-development/mkbuild/commit/4a7fb8a06b1650ab137e96a2d3a207ea825fba31)] **deps:** Bump dependabot/fetch-metadata from 1.5.1 to 1.6.0 ([#293](https://github.com/flex-development/mkbuild/issues/293))
- [[\`9b91310\`](https://github.com/flex-development/mkbuild/commit/9b9131055b74f04b340b1168061cdba5b5afd3d2)] **deps:** Bump dessant/lock-threads from 4.0.0 to 4.0.1 ([#288](https://github.com/flex-development/mkbuild/issues/288))
- [[\`0d23d7c\`](https://github.com/flex-development/mkbuild/commit/0d23d7c0c737c4683ddd79c8bad1b640a0593c7a)] **deps:** Bump octokit/graphql-action from 2.2.23 to 2.2.24 ([#197](https://github.com/flex-development/mkbuild/issues/197))
- [[\`8171cf4\`](https://github.com/flex-development/mkbuild/commit/8171cf48f0fa503dd4932ce4fbe6a15ac335810f)] **deps:** Bump octokit/graphql-action from 2.2.24 to 2.2.25 ([#302](https://github.com/flex-development/mkbuild/issues/302))
- [[\`81ed11c\`](https://github.com/flex-development/mkbuild/commit/81ed11c1fabf37bb63488c14f417a9c2ff29535c)] **workflows:** [\`approve-pr\`] remove \`dependabot-metadata\` condition
- [[\`5562b1b\`](https://github.com/flex-development/mkbuild/commit/5562b1bf8534f9999c1f79d6996cb6bc285337f9)] **workflows:** [\`cache-cleanup\`] refactor branch filter
- [[\`ca7a2e8\`](https://github.com/flex-development/mkbuild/commit/ca7a2e864a0dc15d57b92c350cf903d6b2440d4f)] **workflows:** [\`dependabot-auto\`] remove \`approve-pr\` condition

### :bug: Fixes

- [[\`c3139c4\`](https://github.com/flex-development/mkbuild/commit/c3139c4dbdcf932c951eb2a560e8dc5e3928c2fb)] **deps:** add @flex-development/errnode

### :house_with_garden: Housekeeping

- [[\`92a664c\`](https://github.com/flex-development/mkbuild/commit/92a664cf3e783c93166be69d9bfd555a29676276)] [editorconfig] add \`xml\` rules
- [[\`e4d5ddb\`](https://github.com/flex-development/mkbuild/commit/e4d5ddbef68e3e12d6e1b2849bafdc07b71b9d3b)] [eslint] fix \`tsconfig.cjs.json\` path
- [[\`ad28d2b\`](https://github.com/flex-development/mkbuild/commit/ad28d2b62b41869ef0bdab2af1059385fea7c143)] analyze types distribution
- [[\`7173959\`](https://github.com/flex-development/mkbuild/commit/7173959a3f6214fa81bf1e6f849ba0a393a85b06)] update project architecture
- [[\`8f18fa2\`](https://github.com/flex-development/mkbuild/commit/8f18fa2b28ad80f47ab73b07e79630142c786527)] update test environments
"
`;

exports[`unit:changelog/models/ChangelogFormatter > #formatEntry > unreleased entry > should return formatted changelog entry 1`] = `
"## [grease@2.0.0+b61cac0a01f3d6d78e05b410bb4008842ffe16c4](https://github.com/flex-development/grease/compare/grease@2.0.0...b61cac0a01f3d6d78e05b410bb4008842ffe16c4) (2023-09-25)

### ⚠ BREAKING CHANGES

- init project rewrite

### :package: Build

- [[\`016d957\`](https://github.com/flex-development/grease/commit/016d9578e634c7efe3f31ddb24bc040352c70206)] **deps-dev:** bump @arethetypeswrong/cli from 0.9.0 to 0.10.1 ([#89](https://github.com/flex-development/grease/issues/89))
- [[\`7a32453\`](https://github.com/flex-development/grease/commit/7a32453742ae83b32d58828b9aefe56f423babf1)] **deps-dev:** bump @swc/core from 1.3.81 to 1.3.82 ([#82](https://github.com/flex-development/grease/issues/82))
- [[\`4ec551c\`](https://github.com/flex-development/grease/commit/4ec551c367e5ab8aaa0859e162ee70b6fe2bd330)] **deps-dev:** bump cspell from 7.2.0 to 7.3.2 ([#84](https://github.com/flex-development/grease/issues/84))
- [[\`0845f72\`](https://github.com/flex-development/grease/commit/0845f7256458f205338d4a2d8bb7b2a695024abf)] **deps-dev:** bump eslint-plugin-import from 2.27.5 to 2.28.1 ([#83](https://github.com/flex-development/grease/issues/83))
- [[\`9340204\`](https://github.com/flex-development/grease/commit/9340204594cf47f8839ff2c39292dbfbd5edd2fd)] **deps-dev:** bump the eslint group with 1 update ([#96](https://github.com/flex-development/grease/issues/96))
- [[\`28d7526\`](https://github.com/flex-development/grease/commit/28d75265f6453aa7e2b137fe6042c18328a26868)] **deps-dev:** bump the flex-development group with 1 update ([#97](https://github.com/flex-development/grease/issues/97))
- [[\`c8f387d\`](https://github.com/flex-development/grease/commit/c8f387dd1b4954afe1f6d00b8e50194117cade46)] **deps-dev:** bump the nestjs group with 2 updates ([#98](https://github.com/flex-development/grease/issues/98))
- [[\`b32e5f7\`](https://github.com/flex-development/grease/commit/b32e5f7e25097891490d6906e0dfec061d5daed5)] **deps-dev:** bump the nestjs group with 3 updates ([#80](https://github.com/flex-development/grease/issues/80))
- [[\`64a19f0\`](https://github.com/flex-development/grease/commit/64a19f04b963ccddd534d00d2aa473ff74cdf8d4)] **deps-dev:** bump the typescript-eslint group with 2 updates ([#87](https://github.com/flex-development/grease/issues/87))
- [[\`81ec976\`](https://github.com/flex-development/grease/commit/81ec976436527650a0cf9d69d7c0aad44373240f)] **deps:** bump cosmiconfig from 8.2.0 to 8.3.3 ([#85](https://github.com/flex-development/grease/issues/85))
- [[\`83ec01c\`](https://github.com/flex-development/grease/commit/83ec01c2d02ce0d24064486f55b90b30db36a858)] **deps:** bump the dependencies group with 1 update ([#93](https://github.com/flex-development/grease/issues/93))
- [[\`dbb2db4\`](https://github.com/flex-development/grease/commit/dbb2db432d63d285c2d8fe0b02cab7e2b3b6d429)] **deps:** bump the dependencies group with 2 updates ([#99](https://github.com/flex-development/grease/issues/99))

### :robot: Continuous Integration

- [[\`ad14c65\`](https://github.com/flex-development/grease/commit/ad14c65fc9e59ac13cdd7edf68357641a84a77f2)] **deps:** bump actions/cache from 3.3.1 to 3.3.2 ([#95](https://github.com/flex-development/grease/issues/95))
- [[\`3885804\`](https://github.com/flex-development/grease/commit/388580481e9494c972391ec29f15891e8c733384)] **deps:** bump actions/checkout from 3.6.0 to 4.0.0 ([#86](https://github.com/flex-development/grease/issues/86))
- [[\`999a933\`](https://github.com/flex-development/grease/commit/999a933c474073a78a3add905369ea49392465e1)] **deps:** bump actions/upload-artifact from 3.1.2 to 3.1.3 ([#92](https://github.com/flex-development/grease/issues/92))
- [[\`e8afc66\`](https://github.com/flex-development/grease/commit/e8afc66f57614b609348eb0cc66d0432f2aa35a2)] **deps:** bump crazy-max/ghaction-import-gpg from 5.3.0 to 6.0.0 ([#101](https://github.com/flex-development/grease/issues/101))

### :sparkles: Features

- [[\`094f1b2\`](https://github.com/flex-development/grease/commit/094f1b2d3c28556225d4cb9265ad7a032115e21f)] **cli:** \`BumpCommand\`
- [[\`47d4d7d\`](https://github.com/flex-development/grease/commit/47d4d7df5fc91193a28a3d2b5904663a2890a0d0)] **decorators:** \`IsManifestId\`, \`IsReleaseVersion\`
- [[\`208898c\`](https://github.com/flex-development/grease/commit/208898c9102c2ab64cf167ed4a391264a5a78ba2)] **decorators:** \`IsNilable\`, \`IsNullable\`, \`IsOptional\`
- [[\`812e10c\`](https://github.com/flex-development/grease/commit/812e10c3a5054733373baeeca6a9134a89a478a8)] **models:** \`Version\`
- [[\`17c153f\`](https://github.com/flex-development/grease/commit/17c153f409200d10e6e40f66826740c16208e63e)] **providers:** \`BumpService\`
- [[\`b61cac0\`](https://github.com/flex-development/grease/commit/b61cac0a01f3d6d78e05b410bb4008842ffe16c4)] **providers:** \`GitService\`
- [[\`bfb3642\`](https://github.com/flex-development/grease/commit/bfb364275b741d4892afcc438a7761b46115f34b)] **providers:** \`PackageService\`

### :house_with_garden: Housekeeping

- [[\`2e9d40f\`](https://github.com/flex-development/grease/commit/2e9d40f4f584f6c4cb47eb366506698bae9a9fb3)] [dprint] update config
- [[\`668b2e3\`](https://github.com/flex-development/grease/commit/668b2e3745e29b5f5b7b62ff56959b5d1c489528)] **tests:** [codecov] configure components

### :mechanical_arm: Refactors

- [[\`455c149\`](https://github.com/flex-development/grease/commit/455c1497e3ed5019ab0ebd234509703dadba206a)] init project rewrite
"
`;
