// Vitest Snapshot v1, https://vitest.dev/guide/snapshot.html

exports[`unit:changelog/models/ChangelogAggregator > #breaks > should return sorted breaking changes array 1`] = `
[
  {
    "date": "2021-09-18T21:46:45-04:00",
    "scope": "typescript",
    "subject": "\`IsSemVerOptionsConfigSatisfies\` -> \`IsSemVerOptionsSatisfies\`",
    "type": "refactor",
  },
  {
    "date": "2021-09-18T21:46:45-04:00",
    "scope": "typescript",
    "subject": "\`IsSemVerOptionsConfigCMP\` -> \`IsSemVerOptionsCMP\`",
    "type": "refactor",
  },
  {
    "date": "2021-09-18T21:46:45-04:00",
    "scope": "typescript",
    "subject": "\`IsSemVerOptionsConfigClean\` -> \`IsSemVerOptionsClean\`",
    "type": "refactor",
  },
]
`;

exports[`unit:changelog/models/ChangelogAggregator > #groups > should return sorted commit groups array 1`] = `
[
  {
    "commits": [
      {
        "author": {
          "email": "unicornware@flexdevelopment.llc",
          "name": "Lexus Drumgold",
        },
        "body": "",
        "breaking": false,
        "breaks": [],
        "date": "2021-09-18T01:30:37-04:00",
        "hash": "0c9fab2",
        "header": "build: run \`yarn dedupe\`",
        "mentions": [],
        "references": [],
        "scope": null,
        "sha": "0c9fab2adf67443848af8c53a8fa32e6f4d470c1",
        "subject": "run \`yarn dedupe\`",
        "tags": [],
        "trailers": [],
        "type": "build",
        "version": null,
      },
      {
        "author": {
          "email": "unicornware@flexdevelopment.llc",
          "name": "Lexus Drumgold",
        },
        "body": "",
        "breaking": false,
        "breaks": [],
        "date": "2021-09-18T00:09:57-04:00",
        "hash": "d2464f2",
        "header": "build: run local integrity check",
        "mentions": [],
        "references": [],
        "scope": null,
        "sha": "d2464f259fefaed27d2d4e87995c37385c2d2950",
        "subject": "run local integrity check",
        "tags": [],
        "trailers": [],
        "type": "build",
        "version": null,
      },
      {
        "author": {
          "email": "unicornware@flexdevelopment.llc",
          "name": "Lexus Drumgold",
        },
        "body": "",
        "breaking": false,
        "breaks": [],
        "date": "2021-09-15T00:42:06-04:00",
        "hash": "0ab9086",
        "header": "build: run local integrity check",
        "mentions": [],
        "references": [],
        "scope": null,
        "sha": "0ab9086048c10b77f041eb85819ee2a4c1cfddab",
        "subject": "run local integrity check",
        "tags": [],
        "trailers": [],
        "type": "build",
        "version": null,
      },
      {
        "author": {
          "email": "unicornware@flexdevelopment.llc",
          "name": "Lexus Drumgold",
        },
        "body": "",
        "breaking": false,
        "breaks": [],
        "date": "2021-09-14T17:11:03-04:00",
        "hash": "3d97289",
        "header": "build: update build output",
        "mentions": [],
        "references": [],
        "scope": null,
        "sha": "3d972890cfa69e9f9622a54dc5371930d7079131",
        "subject": "update build output",
        "tags": [],
        "trailers": [],
        "type": "build",
        "version": null,
      },
      {
        "author": {
          "email": "unicornware@flexdevelopment.llc",
          "name": "Lexus Drumgold",
        },
        "body": "",
        "breaking": false,
        "breaks": [],
        "date": "2021-09-18T22:17:57-04:00",
        "hash": "0728879",
        "header": "build(deps-dev): add \`@types/rimraf@3.0.2\`",
        "mentions": [],
        "references": [],
        "scope": "deps-dev",
        "sha": "072887991b2c591fd719375987f31797ff6edf52",
        "subject": "add \`@types/rimraf@3.0.2\`",
        "tags": [],
        "trailers": [],
        "type": "build",
        "version": null,
      },
      {
        "author": {
          "email": "unicornware@flexdevelopment.llc",
          "name": "Lexus Drumgold",
        },
        "body": "",
        "breaking": false,
        "breaks": [],
        "date": "2021-09-18T22:19:06-04:00",
        "hash": "7268756",
        "header": "build(deps-dev): add \`jest-extended@0.11.5\`",
        "mentions": [],
        "references": [],
        "scope": "deps-dev",
        "sha": "726875681564692f1c65b4ff958dffeb47bba06d",
        "subject": "add \`jest-extended@0.11.5\`",
        "tags": [],
        "trailers": [],
        "type": "build",
        "version": null,
      },
      {
        "author": {
          "email": "unicornware@flexdevelopment.llc",
          "name": "Lexus Drumgold",
        },
        "body": "",
        "breaking": false,
        "breaks": [],
        "date": "2021-09-15T01:25:48-04:00",
        "hash": "5044e66",
        "header": "build(deps-dev): add \`jest-github-reporter@1.0.2\`",
        "mentions": [],
        "references": [],
        "scope": "deps-dev",
        "sha": "5044e66bb12e3e3221af71a3673bd731cc488f7e",
        "subject": "add \`jest-github-reporter@1.0.2\`",
        "tags": [],
        "trailers": [],
        "type": "build",
        "version": null,
      },
      {
        "author": {
          "email": "unicornware@flexdevelopment.llc",
          "name": "Lexus Drumgold",
        },
        "body": "",
        "breaking": false,
        "breaks": [],
        "date": "2021-09-18T22:17:07-04:00",
        "hash": "ec913bc",
        "header": "build(deps-dev): add \`rimraf@3.0.2\`",
        "mentions": [],
        "references": [],
        "scope": "deps-dev",
        "sha": "ec913bc1d4583c0757965d6c27a987c9c4450916",
        "subject": "add \`rimraf@3.0.2\`",
        "tags": [],
        "trailers": [],
        "type": "build",
        "version": null,
      },
      {
        "author": {
          "email": "49699333+dependabot[bot]@users.noreply.github.com",
          "name": "dependabot[bot]",
        },
        "body": "",
        "breaking": false,
        "breaks": [],
        "date": "2021-09-18T15:00:39+00:00",
        "hash": "be4ed6f",
        "header": "build(deps-dev): bump @types/faker from 5.5.6 to 5.5.8 (#22)",
        "mentions": [],
        "references": [
          {
            "action": null,
            "number": 22,
            "owner": null,
            "prefix": "#",
            "ref": "#22",
            "repo": null,
            "type": "*",
          },
        ],
        "scope": "deps-dev",
        "sha": "be4ed6ff4103957ef96d70a60d1d7159050446fc",
        "subject": "bump @types/faker from 5.5.6 to 5.5.8 (#22)",
        "tags": [],
        "trailers": [],
        "type": "build",
        "version": null,
      },
      {
        "author": {
          "email": "unicornware@flexdevelopment.llc",
          "name": "Lexus Drumgold",
        },
        "body": "",
        "breaking": false,
        "breaks": [],
        "date": "2021-09-18T01:06:17-04:00",
        "hash": "e6adbfa",
        "header": "build(deps-dev): drop \`@types/yargs-unparser@2.0.1\`",
        "mentions": [],
        "references": [],
        "scope": "deps-dev",
        "sha": "e6adbfa7692dfdf0c4eae0b5085bbf6699e99c82",
        "subject": "drop \`@types/yargs-unparser@2.0.1\`",
        "tags": [],
        "trailers": [],
        "type": "build",
        "version": null,
      },
      {
        "author": {
          "email": "unicornware@flexdevelopment.llc",
          "name": "Lexus Drumgold",
        },
        "body": "",
        "breaking": false,
        "breaks": [],
        "date": "2021-09-18T01:04:05-04:00",
        "hash": "4cebed3",
        "header": "build(deps-dev): move \`@types/lodash@4.14.172\` to \`devDependencies\`",
        "mentions": [],
        "references": [],
        "scope": "deps-dev",
        "sha": "4cebed3e1c724fc848761b7e4a3226facf1d8737",
        "subject": "move \`@types/lodash@4.14.172\` to \`devDependencies\`",
        "tags": [],
        "trailers": [],
        "type": "build",
        "version": null,
      },
      {
        "author": {
          "email": "unicornware@flexdevelopment.llc",
          "name": "Lexus Drumgold",
        },
        "body": "",
        "breaking": false,
        "breaks": [],
        "date": "2021-09-18T00:58:59-04:00",
        "hash": "283bc29",
        "header": "build(deps-dev): move \`@types/shelljs@0.8.9\` to \`devDependencies\`",
        "mentions": [],
        "references": [],
        "scope": "deps-dev",
        "sha": "283bc29413db865a35026d1c446c091525571e3b",
        "subject": "move \`@types/shelljs@0.8.9\` to \`devDependencies\`",
        "tags": [],
        "trailers": [],
        "type": "build",
        "version": null,
      },
      {
        "author": {
          "email": "unicornware@flexdevelopment.llc",
          "name": "Lexus Drumgold",
        },
        "body": "",
        "breaking": false,
        "breaks": [],
        "date": "2021-09-18T01:37:04-04:00",
        "hash": "ca4fb8e",
        "header": "build(deps-dev): use \`@types/faker@5.5.8\`",
        "mentions": [],
        "references": [],
        "scope": "deps-dev",
        "sha": "ca4fb8e7de0adfdaa3f0d3843898f1dcff7e3c90",
        "subject": "use \`@types/faker@5.5.8\`",
        "tags": [],
        "trailers": [],
        "type": "build",
        "version": null,
      },
      {
        "author": {
          "email": "unicornware@flexdevelopment.llc",
          "name": "Lexus Drumgold",
        },
        "body": "",
        "breaking": false,
        "breaks": [],
        "date": "2021-09-18T00:54:02-04:00",
        "hash": "c0c1cd1",
        "header": "build(deps-dev): use \`@types/node@16.9.2\`",
        "mentions": [],
        "references": [],
        "scope": "deps-dev",
        "sha": "c0c1cd1cabb25e8e21c662fcb1d839eb29eb582a",
        "subject": "use \`@types/node@16.9.2\`",
        "tags": [],
        "trailers": [],
        "type": "build",
        "version": null,
      },
      {
        "author": {
          "email": "unicornware@flexdevelopment.llc",
          "name": "Lexus Drumgold",
        },
        "body": "",
        "breaking": false,
        "breaks": [],
        "date": "2021-09-18T00:53:12-04:00",
        "hash": "7351d42",
        "header": "build(deps-dev): use \`@types/node@16.9.2\`",
        "mentions": [],
        "references": [],
        "scope": "deps-dev",
        "sha": "7351d42da7f6adecd93dd2cdcce065a6fb014e39",
        "subject": "use \`@types/node@16.9.2\`",
        "tags": [],
        "trailers": [],
        "type": "build",
        "version": null,
      },
      {
        "author": {
          "email": "unicornware@flexdevelopment.llc",
          "name": "Lexus Drumgold",
        },
        "body": "",
        "breaking": false,
        "breaks": [],
        "date": "2021-09-18T00:56:30-04:00",
        "hash": "5ca3485",
        "header": "build(deps-peer): add \`@types/node>=15\`",
        "mentions": [],
        "references": [],
        "scope": "deps-peer",
        "sha": "5ca3485335012d0eb6660619a3e51456068bb8c0",
        "subject": "add \`@types/node>=15\`",
        "tags": [],
        "trailers": [],
        "type": "build",
        "version": null,
      },
      {
        "author": {
          "email": "unicornware@flexdevelopment.llc",
          "name": "Lexus Drumgold",
        },
        "body": "",
        "breaking": false,
        "breaks": [],
        "date": "2021-09-18T01:00:57-04:00",
        "hash": "60e82ea",
        "header": "build(deps-peer): add \`@types/shelljs@0.8.9\`",
        "mentions": [],
        "references": [],
        "scope": "deps-peer",
        "sha": "60e82ea33ea184c4751289cbdc449b0300e7f0fd",
        "subject": "add \`@types/shelljs@0.8.9\`",
        "tags": [],
        "trailers": [],
        "type": "build",
        "version": null,
      },
      {
        "author": {
          "email": "unicornware@flexdevelopment.llc",
          "name": "Lexus Drumgold",
        },
        "body": "",
        "breaking": false,
        "breaks": [],
        "date": "2021-09-15T23:36:43-04:00",
        "hash": "1bc20c4",
        "header": "build(deps): add \`@flex-development/log@2.0.0\`",
        "mentions": [],
        "references": [],
        "scope": "deps",
        "sha": "1bc20c4f8701510ec604ece4ca5dce211296ec45",
        "subject": "add \`@flex-development/log@2.0.0\`",
        "tags": [],
        "trailers": [],
        "type": "build",
        "version": null,
      },
      {
        "author": {
          "email": "unicornware@flexdevelopment.llc",
          "name": "Lexus Drumgold",
        },
        "body": "P010-32",
        "breaking": false,
        "breaks": [],
        "date": "2021-09-16T23:43:24-04:00",
        "hash": "6e72cd6",
        "header": "build(deps): add \`shell-quote@1.7.2\`",
        "mentions": [],
        "references": [],
        "scope": "deps",
        "sha": "6e72cd6782d057ef797d9b5d555edb702ed8828c",
        "subject": "add \`shell-quote@1.7.2\`",
        "tags": [],
        "trailers": [],
        "type": "build",
        "version": null,
      },
      {
        "author": {
          "email": "49699333+dependabot[bot]@users.noreply.github.com",
          "name": "dependabot[bot]",
        },
        "body": "",
        "breaking": false,
        "breaks": [],
        "date": "2021-09-18T15:09:48+00:00",
        "hash": "f7f1b6e",
        "header": "build(deps): bump isomorphic-git from 1.9.2 to 1.10.0 (#18)",
        "mentions": [],
        "references": [
          {
            "action": null,
            "number": 18,
            "owner": null,
            "prefix": "#",
            "ref": "#18",
            "repo": null,
            "type": "*",
          },
        ],
        "scope": "deps",
        "sha": "f7f1b6e9ca558c3592d9de18aef752af9015a010",
        "subject": "bump isomorphic-git from 1.9.2 to 1.10.0 (#18)",
        "tags": [],
        "trailers": [],
        "type": "build",
        "version": null,
      },
      {
        "author": {
          "email": "unicornware@flexdevelopment.llc",
          "name": "Lexus Drumgold",
        },
        "body": "",
        "breaking": false,
        "breaks": [],
        "date": "2021-09-18T01:36:04-04:00",
        "hash": "3284bf4",
        "header": "build(deps): use \`isomorphic-git@1.10.0\`",
        "mentions": [],
        "references": [],
        "scope": "deps",
        "sha": "3284bf43ac5dd660374a629d1a872d56f74943dc",
        "subject": "use \`isomorphic-git@1.10.0\`",
        "tags": [],
        "trailers": [],
        "type": "build",
        "version": null,
      },
      {
        "author": {
          "email": "unicornware@flexdevelopment.llc",
          "name": "Lexus Drumgold",
        },
        "body": "instead of \`lodash/*\`",
        "breaking": false,
        "breaks": [],
        "date": "2021-09-18T01:16:13-04:00",
        "hash": "4a9dc84",
        "header": "build(deps): use \`lodash.*\` deps",
        "mentions": [],
        "references": [],
        "scope": "deps",
        "sha": "4a9dc841d2e78259a1646da37904e91d368fcafb",
        "subject": "use \`lodash.*\` deps",
        "tags": [],
        "trailers": [],
        "type": "build",
        "version": null,
      },
      {
        "author": {
          "email": "unicornware@flexdevelopment.llc",
          "name": "Lexus Drumgold",
        },
        "body": "",
        "breaking": false,
        "breaks": [],
        "date": "2021-09-18T22:32:45-04:00",
        "hash": "bf7978f",
        "header": "build(yarn): set \`nmHoistingLimits\` to \`dependencies\`",
        "mentions": [],
        "references": [],
        "scope": "yarn",
        "sha": "bf7978f06406a2c02f530a1eafe7f550722c70a7",
        "subject": "set \`nmHoistingLimits\` to \`dependencies\`",
        "tags": [],
        "trailers": [],
        "type": "build",
        "version": null,
      },
    ],
    "hidden": false,
    "key": "build",
    "section": ":package: Build",
  },
  {
    "commits": [
      {
        "author": {
          "email": "unicornware@flexdevelopment.llc",
          "name": "Lexus Drumgold",
        },
        "body": "",
        "breaking": false,
        "breaks": [],
        "date": "2021-09-18T23:29:03-04:00",
        "hash": "e9144b5",
        "header": "ci(workflows): fix environment variable usage",
        "mentions": [],
        "references": [],
        "scope": "workflows",
        "sha": "e9144b57b92f0236528974df9fbd3610bc191a02",
        "subject": "fix environment variable usage",
        "tags": [],
        "trailers": [],
        "type": "ci",
        "version": null,
      },
      {
        "author": {
          "email": "unicornware@flexdevelopment.llc",
          "name": "Lexus Drumgold",
        },
        "body": "in \`continuous-deployment\` workflow",
        "breaking": false,
        "breaks": [],
        "date": "2021-09-16T17:53:57-04:00",
        "hash": "61e41e2",
        "header": "ci(workflows): refactor \`add-status-released-label\` job promises",
        "mentions": [],
        "references": [],
        "scope": "workflows",
        "sha": "61e41e20295bc51df4fcd780bac781b46ed09bb1",
        "subject": "refactor \`add-status-released-label\` job promises",
        "tags": [],
        "trailers": [],
        "type": "ci",
        "version": null,
      },
      {
        "author": {
          "email": "unicornware@flexdevelopment.llc",
          "name": "Lexus Drumgold",
        },
        "body": "in \`continuous-deployment\` workflow",
        "breaking": false,
        "breaks": [],
        "date": "2021-09-16T17:50:22-04:00",
        "hash": "70fd5f3",
        "header": "ci(workflows): refactor distribution tag logic",
        "mentions": [],
        "references": [],
        "scope": "workflows",
        "sha": "70fd5f3c5a7dcdf6c3d2fa57bd916e6589ec45fe",
        "subject": "refactor distribution tag logic",
        "tags": [],
        "trailers": [],
        "type": "ci",
        "version": null,
      },
      {
        "author": {
          "email": "unicornware@flexdevelopment.llc",
          "name": "Lexus Drumgold",
        },
        "body": "",
        "breaking": false,
        "breaks": [],
        "date": "2021-09-18T23:28:48-04:00",
        "hash": "efd32b2",
        "header": "ci(workflows): use \`npm\` to publish to gpr",
        "mentions": [],
        "references": [],
        "scope": "workflows",
        "sha": "efd32b281422fe30e2bb1cd9e0391c1388c9b45e",
        "subject": "use \`npm\` to publish to gpr",
        "tags": [],
        "trailers": [],
        "type": "ci",
        "version": null,
      },
    ],
    "hidden": false,
    "key": "ci",
    "section": ":robot: Continuous Integration",
  },
  {
    "commits": [
      {
        "author": {
          "email": "unicornware@flexdevelopment.llc",
          "name": "Lexus Drumgold",
        },
        "body": "",
        "breaking": false,
        "breaks": [],
        "date": "2021-09-16T17:57:14-04:00",
        "hash": "df2925f",
        "header": "docs: update sample \`.gitconfig\`",
        "mentions": [],
        "references": [],
        "scope": null,
        "sha": "df2925f023e8830a81d7c648c7e69d3c1caaf011",
        "subject": "update sample \`.gitconfig\`",
        "tags": [],
        "trailers": [],
        "type": "docs",
        "version": null,
      },
    ],
    "hidden": false,
    "key": "docs",
    "section": ":pencil: Documentation",
  },
  {
    "commits": [
      {
        "author": {
          "email": "unicornware@flexdevelopment.llc",
          "name": "Lexus Drumgold",
        },
        "body": "P010-40",
        "breaking": false,
        "breaks": [],
        "date": "2021-09-18T21:46:45-04:00",
        "hash": "dd4c3a0",
        "header": "feat: \`utils/getOptions\`",
        "mentions": [],
        "references": [],
        "scope": null,
        "sha": "dd4c3a0bd50ac4f31c1b9ce78bd9df57b7a63bec",
        "subject": "\`utils/getOptions\`",
        "tags": [],
        "trailers": [],
        "type": "feat",
        "version": null,
      },
      {
        "author": {
          "email": "unicornware@flexdevelopment.llc",
          "name": "Lexus Drumgold",
        },
        "body": "P010-39",
        "breaking": false,
        "breaks": [],
        "date": "2021-09-18T21:46:45-04:00",
        "hash": "70393c6",
        "header": "feat(typescript): add \`CommitType\`",
        "mentions": [],
        "references": [],
        "scope": "typescript",
        "sha": "70393c67a860e16cbe04f374fd57dbb7a672ea17",
        "subject": "add \`CommitType\`",
        "tags": [],
        "trailers": [],
        "type": "feat",
        "version": null,
      },
    ],
    "hidden": false,
    "key": "feat",
    "section": ":sparkles: Features",
  },
  {
    "commits": [
      {
        "author": {
          "email": "unicornware@flexdevelopment.llc",
          "name": "Lexus Drumgold",
        },
        "body": "",
        "breaking": false,
        "breaks": [],
        "date": "2021-09-16T14:23:20-04:00",
        "hash": "306c782",
        "header": "chore: add \`scope:ci\` label",
        "mentions": [],
        "references": [],
        "scope": null,
        "sha": "306c7820bd378a83989ac72a0929da1aaa926d7f",
        "subject": "add \`scope:ci\` label",
        "tags": [],
        "trailers": [],
        "type": "chore",
        "version": null,
      },
      {
        "author": {
          "email": "unicornware@flexdevelopment.llc",
          "name": "Lexus Drumgold",
        },
        "body": "",
        "breaking": false,
        "breaks": [],
        "date": "2021-09-16T14:28:56-04:00",
        "hash": "360d14d",
        "header": "chore: add \`scope:config\` and \`scope:standard-version\` labels",
        "mentions": [],
        "references": [],
        "scope": null,
        "sha": "360d14d0d9f0a3106e9b5a6fa9bcf5aabb831589",
        "subject": "add \`scope:config\` and \`scope:standard-version\` labels",
        "tags": [],
        "trailers": [],
        "type": "chore",
        "version": null,
      },
      {
        "author": {
          "email": "unicornware@flexdevelopment.llc",
          "name": "Lexus Drumgold",
        },
        "body": "",
        "breaking": false,
        "breaks": [],
        "date": "2021-09-16T14:32:38-04:00",
        "hash": "38b5834",
        "header": "chore: add \`scope:gh\` and \`scope:shell\` labels",
        "mentions": [],
        "references": [],
        "scope": null,
        "sha": "38b5834cf6f1d7d566cb94403307aafd8f58991a",
        "subject": "add \`scope:gh\` and \`scope:shell\` labels",
        "tags": [],
        "trailers": [],
        "type": "chore",
        "version": null,
      },
      {
        "author": {
          "email": "unicornware@flexdevelopment.llc",
          "name": "Lexus Drumgold",
        },
        "body": "",
        "breaking": false,
        "breaks": [],
        "date": "2021-09-16T14:48:24-04:00",
        "hash": "993b6da",
        "header": "chore: add \`scope:providers\` label",
        "mentions": [],
        "references": [],
        "scope": null,
        "sha": "993b6dabad9aa4b769c3022fd718c68504d1e0b6",
        "subject": "add \`scope:providers\` label",
        "tags": [],
        "trailers": [],
        "type": "chore",
        "version": null,
      },
      {
        "author": {
          "email": "unicornware@flexdevelopment.llc",
          "name": "Lexus Drumgold",
        },
        "body": "",
        "breaking": false,
        "breaks": [],
        "date": "2021-09-14T17:37:15-04:00",
        "hash": "8de32f3",
        "header": "chore: add eslint base config",
        "mentions": [],
        "references": [],
        "scope": null,
        "sha": "8de32f3e4dd32c7f1cea85c9943b7ec88a1d7153",
        "subject": "add eslint base config",
        "tags": [],
        "trailers": [],
        "type": "chore",
        "version": null,
      },
      {
        "author": {
          "email": "unicornware@flexdevelopment.llc",
          "name": "Lexus Drumgold",
        },
        "body": "",
        "breaking": false,
        "breaks": [],
        "date": "2021-09-16T14:25:15-04:00",
        "hash": "9c96e70",
        "header": "chore: organize labels",
        "mentions": [],
        "references": [],
        "scope": null,
        "sha": "9c96e7000b6ddd3a0ee2ffef53b6abdeb6bdd264",
        "subject": "organize labels",
        "tags": [],
        "trailers": [],
        "type": "chore",
        "version": null,
      },
      {
        "author": {
          "email": "unicornware@flexdevelopment.llc",
          "name": "Lexus Drumgold",
        },
        "body": "",
        "breaking": false,
        "breaks": [],
        "date": "2021-09-15T03:11:36-04:00",
        "hash": "ae15022",
        "header": "chore: refine commit scopes",
        "mentions": [],
        "references": [],
        "scope": null,
        "sha": "ae15022381725668a773ab09c5c38b784e7cd83d",
        "subject": "refine commit scopes",
        "tags": [],
        "trailers": [],
        "type": "chore",
        "version": null,
      },
      {
        "author": {
          "email": "unicornware@flexdevelopment.llc",
          "name": "Lexus Drumgold",
        },
        "body": "",
        "breaking": false,
        "breaks": [],
        "date": "2021-09-14T17:16:02-04:00",
        "hash": "f94a4e1",
        "header": "chore: run \`yarn set version berry\`",
        "mentions": [],
        "references": [],
        "scope": null,
        "sha": "f94a4e162dbc3de7038b1bdb79573e25427baa5d",
        "subject": "run \`yarn set version berry\`",
        "tags": [],
        "trailers": [],
        "type": "chore",
        "version": null,
      },
      {
        "author": {
          "email": "unicornware@flexdevelopment.llc",
          "name": "Lexus Drumgold",
        },
        "body": "",
        "breaking": false,
        "breaks": [],
        "date": "2021-09-14T17:36:55-04:00",
        "hash": "9f8488d",
        "header": "chore: update \`lint-staged\` config",
        "mentions": [],
        "references": [],
        "scope": null,
        "sha": "9f8488df233086fa9d4da2c9ae5beb5500e9ee5d",
        "subject": "update \`lint-staged\` config",
        "tags": [],
        "trailers": [],
        "type": "chore",
        "version": null,
      },
      {
        "author": {
          "email": "unicornware@flexdevelopment.llc",
          "name": "Lexus Drumgold",
        },
        "body": "",
        "breaking": false,
        "breaks": [],
        "date": "2021-09-16T14:27:22-04:00",
        "hash": "fbd43f6",
        "header": "chore: update \`scope:validation\` label description",
        "mentions": [],
        "references": [],
        "scope": null,
        "sha": "fbd43f676fd8db8b91014615db20cb38134b0d3f",
        "subject": "update \`scope:validation\` label description",
        "tags": [],
        "trailers": [],
        "type": "chore",
        "version": null,
      },
      {
        "author": {
          "email": "unicornware@flexdevelopment.llc",
          "name": "Lexus Drumgold",
        },
        "body": "",
        "breaking": false,
        "breaks": [],
        "date": "2021-09-14T18:02:58-04:00",
        "hash": "3f55036",
        "header": "chore: update environment variables",
        "mentions": [],
        "references": [],
        "scope": null,
        "sha": "3f55036bf343aa8a3079294d3ebb4158cb4068e4",
        "subject": "update environment variables",
        "tags": [],
        "trailers": [],
        "type": "chore",
        "version": null,
      },
      {
        "author": {
          "email": "unicornware@flexdevelopment.llc",
          "name": "Lexus Drumgold",
        },
        "body": "",
        "breaking": false,
        "breaks": [],
        "date": "2021-09-14T18:28:09-04:00",
        "hash": "889322b",
        "header": "chore: use yarn workspace based commit scopes",
        "mentions": [],
        "references": [],
        "scope": null,
        "sha": "889322b2d5224a58dbde522f81cc3177da981c86",
        "subject": "use yarn workspace based commit scopes",
        "tags": [],
        "trailers": [],
        "type": "chore",
        "version": null,
      },
      {
        "author": {
          "email": "unicornware@flexdevelopment.llc",
          "name": "Lexus Drumgold",
        },
        "body": "",
        "breaking": false,
        "breaks": [],
        "date": "2021-09-14T23:07:06-04:00",
        "hash": "7956d18",
        "header": "chore(scripts): add \`check:install\`",
        "mentions": [],
        "references": [],
        "scope": "scripts",
        "sha": "7956d18c7337d0c731ac042766d8490afd48f79e",
        "subject": "add \`check:install\`",
        "tags": [],
        "trailers": [],
        "type": "chore",
        "version": null,
      },
      {
        "author": {
          "email": "unicornware@flexdevelopment.llc",
          "name": "Lexus Drumgold",
        },
        "body": "",
        "breaking": false,
        "breaks": [],
        "date": "2021-09-14T18:29:45-04:00",
        "hash": "734c8b6",
        "header": "chore(scripts): add \`clean:modules\` and \`clean:yarn\`",
        "mentions": [],
        "references": [],
        "scope": "scripts",
        "sha": "734c8b61ba39b38c8039f812f239812669e1d395",
        "subject": "add \`clean:modules\` and \`clean:yarn\`",
        "tags": [],
        "trailers": [],
        "type": "chore",
        "version": null,
      },
      {
        "author": {
          "email": "unicornware@flexdevelopment.llc",
          "name": "Lexus Drumgold",
        },
        "body": "",
        "breaking": false,
        "breaks": [],
        "date": "2021-09-16T18:08:59-04:00",
        "hash": "3ed0fe5",
        "header": "chore(scripts): fix \`cannot find module '@grease/utils/log.util'\`",
        "mentions": [],
        "references": [],
        "scope": "scripts",
        "sha": "3ed0fe52d015ce771528049d5a0397f007481c55",
        "subject": "fix \`cannot find module '@grease/utils/log.util'\`",
        "tags": [],
        "trailers": [],
        "type": "chore",
        "version": null,
      },
      {
        "author": {
          "email": "unicornware@flexdevelopment.llc",
          "name": "Lexus Drumgold",
        },
        "body": "P010-32",
        "breaking": false,
        "breaks": [],
        "date": "2021-09-17T13:42:58-04:00",
        "hash": "70156cb",
        "header": "chore(typescript): add typings for \`shell-quote@1.7.2\`",
        "mentions": [],
        "references": [],
        "scope": "typescript",
        "sha": "70156cb7751374830f5c74d5b3c9d9f58c4b3e6a",
        "subject": "add typings for \`shell-quote@1.7.2\`",
        "tags": [],
        "trailers": [],
        "type": "chore",
        "version": null,
      },
      {
        "author": {
          "email": "unicornware@flexdevelopment.llc",
          "name": "Lexus Drumgold",
        },
        "body": "",
        "breaking": false,
        "breaks": [],
        "date": "2021-09-15T00:48:09-04:00",
        "hash": "162396a",
        "header": "chore(workflows): add \`integrity\`",
        "mentions": [],
        "references": [],
        "scope": "workflows",
        "sha": "162396aed9f2ef6c513c1970e7c230b3c54708e9",
        "subject": "add \`integrity\`",
        "tags": [],
        "trailers": [],
        "type": "chore",
        "version": null,
      },
      {
        "author": {
          "email": "unicornware@flexdevelopment.llc",
          "name": "Lexus Drumgold",
        },
        "body": "",
        "breaking": false,
        "breaks": [],
        "date": "2021-09-14T18:29:07-04:00",
        "hash": "1c1a563",
        "header": "chore(yarn): add \`@yarnpkg/plugin-interactive-tools\`",
        "mentions": [],
        "references": [],
        "scope": "yarn",
        "sha": "1c1a563ddcd6ccda0b0fbb5bcabcf1dcf666cf06",
        "subject": "add \`@yarnpkg/plugin-interactive-tools\`",
        "tags": [],
        "trailers": [],
        "type": "chore",
        "version": null,
      },
    ],
    "hidden": false,
    "key": "chore",
    "section": ":house_with_garden: Housekeeping",
  },
  {
    "commits": [
      {
        "author": {
          "email": "unicornware@flexdevelopment.llc",
          "name": "Lexus Drumgold",
        },
        "body": "P010-39",
        "breaking": false,
        "breaks": [],
        "date": "2021-09-18T21:46:45-04:00",
        "hash": "990f9dd",
        "header": "refactor: \`types\` directory architecture",
        "mentions": [],
        "references": [],
        "scope": null,
        "sha": "990f9dd9cdb277eea407b25d633531bafa1fa00f",
        "subject": "\`types\` directory architecture",
        "tags": [],
        "trailers": [],
        "type": "refactor",
        "version": null,
      },
      {
        "author": {
          "email": "unicornware@flexdevelopment.llc",
          "name": "Lexus Drumgold",
        },
        "body": "P010-41",
        "breaking": false,
        "breaks": [],
        "date": "2021-09-18T21:46:45-04:00",
        "hash": "d178829",
        "header": "refactor: integrate \`getOptions\` into \`main\`",
        "mentions": [],
        "references": [],
        "scope": null,
        "sha": "d17882988913b61abcb23d72e7b889b2f829e7b4",
        "subject": "integrate \`getOptions\` into \`main\`",
        "tags": [],
        "trailers": [],
        "type": "refactor",
        "version": null,
      },
      {
        "author": {
          "email": "unicornware@flexdevelopment.llc",
          "name": "Lexus Drumgold",
        },
        "body": "P010-33",
        "breaking": false,
        "breaks": [],
        "date": "2021-09-17T22:25:55-04:00",
        "hash": "0347d26",
        "header": "refactor(grease): \`CreateReleaseDTO#toString\`",
        "mentions": [],
        "references": [],
        "scope": "grease",
        "sha": "0347d262a903f14692469da75974557dfced1f38",
        "subject": "\`CreateReleaseDTO#toString\`",
        "tags": [],
        "trailers": [],
        "type": "refactor",
        "version": null,
      },
      {
        "author": {
          "email": "unicornware@flexdevelopment.llc",
          "name": "Lexus Drumgold",
        },
        "body": "",
        "breaking": false,
        "breaks": [],
        "date": "2021-09-15T23:37:31-04:00",
        "hash": "787ac1d",
        "header": "refactor(grease): integrate \`@flex-development/log@2.0.0\`",
        "mentions": [],
        "references": [],
        "scope": "grease",
        "sha": "787ac1db313ca8ee3e0cab961aee2ab91b19531b",
        "subject": "integrate \`@flex-development/log@2.0.0\`",
        "tags": [],
        "trailers": [],
        "type": "refactor",
        "version": null,
      },
      {
        "author": {
          "email": "unicornware@flexdevelopment.llc",
          "name": "Lexus Drumgold",
        },
        "body": "",
        "breaking": false,
        "breaks": [],
        "date": "2021-09-15T04:12:27-04:00",
        "hash": "710a0e2",
        "header": "refactor(scripts): simplify \`'node_modules'\` reference patch logic",
        "mentions": [],
        "references": [],
        "scope": "scripts",
        "sha": "710a0e27197c7777a37e246113150e19dc5eaf4c",
        "subject": "simplify \`'node_modules'\` reference patch logic",
        "tags": [],
        "trailers": [],
        "type": "refactor",
        "version": null,
      },
      {
        "author": {
          "email": "unicornware@flexdevelopment.llc",
          "name": "Lexus Drumgold",
        },
        "body": "P010-39",
        "breaking": true,
        "breaks": [
          {
            "date": "2021-09-18T21:46:45-04:00",
            "scope": "typescript",
            "subject": "\`IsSemVerOptionsConfigClean\` -> \`IsSemVerOptionsClean\`",
            "type": "refactor",
          },
        ],
        "date": "2021-09-18T21:46:45-04:00",
        "hash": "b420f94",
        "header": "refactor(typescript)!: \`IsSemVerOptionsConfigClean\` -> \`IsSemVerOptionsClean\`",
        "mentions": [],
        "references": [],
        "scope": "typescript",
        "sha": "b420f94efe3856e2454fba3b0a506fc75fe26434",
        "subject": "\`IsSemVerOptionsConfigClean\` -> \`IsSemVerOptionsClean\`",
        "tags": [],
        "trailers": [],
        "type": "refactor",
        "version": null,
      },
      {
        "author": {
          "email": "unicornware@flexdevelopment.llc",
          "name": "Lexus Drumgold",
        },
        "body": "P010-39",
        "breaking": true,
        "breaks": [
          {
            "date": "2021-09-18T21:46:45-04:00",
            "scope": "typescript",
            "subject": "\`IsSemVerOptionsConfigCMP\` -> \`IsSemVerOptionsCMP\`",
            "type": "refactor",
          },
        ],
        "date": "2021-09-18T21:46:45-04:00",
        "hash": "a99d89d",
        "header": "refactor(typescript)!: \`IsSemVerOptionsConfigCMP\` -> \`IsSemVerOptionsCMP\`",
        "mentions": [],
        "references": [],
        "scope": "typescript",
        "sha": "a99d89de1eea744dad789bb295e72eba958e08bb",
        "subject": "\`IsSemVerOptionsConfigCMP\` -> \`IsSemVerOptionsCMP\`",
        "tags": [],
        "trailers": [],
        "type": "refactor",
        "version": null,
      },
      {
        "author": {
          "email": "unicornware@flexdevelopment.llc",
          "name": "Lexus Drumgold",
        },
        "body": "P010-39",
        "breaking": true,
        "breaks": [
          {
            "date": "2021-09-18T21:46:45-04:00",
            "scope": "typescript",
            "subject": "\`IsSemVerOptionsConfigSatisfies\` -> \`IsSemVerOptionsSatisfies\`",
            "type": "refactor",
          },
        ],
        "date": "2021-09-18T21:46:45-04:00",
        "hash": "3d2ddc9",
        "header": "refactor(typescript)!: \`IsSemVerOptionsConfigSatisfies\` -> \`IsSemVerOptionsSatisfies\`",
        "mentions": [],
        "references": [],
        "scope": "typescript",
        "sha": "3d2ddc99d21b8a6073e9b2e9c8d2f516d89a3cf7",
        "subject": "\`IsSemVerOptionsConfigSatisfies\` -> \`IsSemVerOptionsSatisfies\`",
        "tags": [],
        "trailers": [],
        "type": "refactor",
        "version": null,
      },
      {
        "author": {
          "email": "unicornware@flexdevelopment.llc",
          "name": "Lexus Drumgold",
        },
        "body": "",
        "breaking": false,
        "breaks": [],
        "date": "2021-09-15T00:46:39-04:00",
        "hash": "71c75dc",
        "header": "refactor(workflows): \`jobs.<job_id>.steps[*].with.scope\` syntax for \`actions/setup-node\`",
        "mentions": [],
        "references": [],
        "scope": "workflows",
        "sha": "71c75dc0d616db7c9bdc84e4d637a6ddc98cf10f",
        "subject": "\`jobs.<job_id>.steps[*].with.scope\` syntax for \`actions/setup-node\`",
        "tags": [],
        "trailers": [],
        "type": "refactor",
        "version": null,
      },
    ],
    "hidden": false,
    "key": "refactor",
    "section": ":mechanical_arm: Refactors",
  },
  {
    "commits": [
      {
        "author": {
          "email": "unicornware@flexdevelopment.llc",
          "name": "Lexus Drumgold",
        },
        "body": "- https://github.com/hipstersmoothie/jest-github-reporter",
        "breaking": false,
        "breaks": [],
        "date": "2021-09-15T01:27:50-04:00",
        "hash": "dcba004",
        "header": "test: use \`jest-github-reporter\`",
        "mentions": [],
        "references": [],
        "scope": null,
        "sha": "dcba004262c47ba5311ab6cc1405615580b7dbf1",
        "subject": "use \`jest-github-reporter\`",
        "tags": [],
        "trailers": [],
        "type": "test",
        "version": null,
      },
      {
        "author": {
          "email": "unicornware@flexdevelopment.llc",
          "name": "Lexus Drumgold",
        },
        "body": "",
        "breaking": false,
        "breaks": [],
        "date": "2021-09-18T21:46:45-04:00",
        "hash": "b8c5c26",
        "header": "test: use \`OPTIONS\` fixture in \`cacheOptions\` functional test",
        "mentions": [],
        "references": [],
        "scope": null,
        "sha": "b8c5c2662f2ee786945bc7c6f113212829c1f4ce",
        "subject": "use \`OPTIONS\` fixture in \`cacheOptions\` functional test",
        "tags": [],
        "trailers": [],
        "type": "test",
        "version": null,
      },
      {
        "author": {
          "email": "unicornware@flexdevelopment.llc",
          "name": "Lexus Drumgold",
        },
        "body": "",
        "breaking": false,
        "breaks": [],
        "date": "2021-09-17T22:35:18-04:00",
        "hash": "aabe44f",
        "header": "test(grease): update changelog fixtures",
        "mentions": [],
        "references": [],
        "scope": "grease",
        "sha": "aabe44fca6f2bf24060724cda5548793b58b080e",
        "subject": "update changelog fixtures",
        "tags": [],
        "trailers": [],
        "type": "test",
        "version": null,
      },
      {
        "author": {
          "email": "unicornware@flexdevelopment.llc",
          "name": "Lexus Drumgold",
        },
        "body": "",
        "breaking": false,
        "breaks": [],
        "date": "2021-09-17T22:33:25-04:00",
        "hash": "5150d51",
        "header": "test(grease): use \`DTO\` fixture in \`IsPath\` functional test",
        "mentions": [],
        "references": [],
        "scope": "grease",
        "sha": "5150d511e12fed11779c647ceb6e5d671f322e8e",
        "subject": "use \`DTO\` fixture in \`IsPath\` functional test",
        "tags": [],
        "trailers": [],
        "type": "test",
        "version": null,
      },
      {
        "author": {
          "email": "unicornware@flexdevelopment.llc",
          "name": "Lexus Drumgold",
        },
        "body": "",
        "breaking": false,
        "breaks": [],
        "date": "2021-09-14T17:49:00-04:00",
        "hash": "1cfa183",
        "header": "test(typescript): update \`tsconfig.test.json\`",
        "mentions": [],
        "references": [],
        "scope": "typescript",
        "sha": "1cfa183896b8ae58afe37eaa0686bdb924c84473",
        "subject": "update \`tsconfig.test.json\`",
        "tags": [],
        "trailers": [],
        "type": "test",
        "version": null,
      },
    ],
    "hidden": false,
    "key": "test",
    "section": ":white_check_mark: Testing",
  },
  {
    "commits": [
      {
        "author": {
          "email": "unicornware@flexdevelopment.llc",
          "name": "Lex",
        },
        "body": "",
        "breaking": false,
        "breaks": [],
        "date": "2021-08-26T19:48:24-04:00",
        "hash": "5892cde",
        "header": "release: @flex-development/grease@1.1.0",
        "mentions": [],
        "references": [],
        "scope": null,
        "sha": "5892cdeac7cbc11e1ab7bb5f4e0fe175809c99c8",
        "subject": "@flex-development/grease@1.1.0",
        "tags": [],
        "trailers": [
          {
            "token": "release",
            "value": "@flex-development/grease@1.1.0",
          },
        ],
        "type": "release",
        "version": null,
      },
      {
        "author": {
          "email": "unicornware@flexdevelopment.llc",
          "name": "Lexus Drumgold",
        },
        "body": "",
        "breaking": false,
        "breaks": [],
        "date": "2021-09-18T23:29:18-04:00",
        "hash": "e003836",
        "header": "release: @flex-development/grease@2.0.0",
        "mentions": [],
        "references": [],
        "scope": null,
        "sha": "e00383628638335e729d1cad2971b44ba03d3074",
        "subject": "@flex-development/grease@2.0.0",
        "tags": [],
        "trailers": [],
        "type": "release",
        "version": null,
      },
      {
        "author": {
          "email": "unicornware@flexdevelopment.llc",
          "name": "Lexus Drumgold",
        },
        "body": "",
        "breaking": false,
        "breaks": [],
        "date": "2021-09-18T21:52:09-04:00",
        "hash": "a54836e",
        "header": "release: @flex-development/grease@2.0.0",
        "mentions": [],
        "references": [],
        "scope": null,
        "sha": "a54836ecad3ef8944e8d6d264790a10c32793b1b",
        "subject": "@flex-development/grease@2.0.0",
        "tags": [],
        "trailers": [],
        "type": "release",
        "version": null,
      },
    ],
    "hidden": true,
    "key": "release",
    "section": "release",
  },
]
`;

exports[`unit:changelog/models/ChangelogAggregator > #mentions > should return mentions array 1`] = `
[
  "@dependabot",
]
`;

exports[`unit:changelog/models/ChangelogAggregator > #references > should return references array 1`] = `
[
  {
    "action": null,
    "number": 30,
    "owner": null,
    "prefix": "#",
    "ref": "#30",
    "repo": null,
    "type": "*",
  },
  {
    "action": null,
    "number": 18,
    "owner": null,
    "prefix": "#",
    "ref": "#18",
    "repo": null,
    "type": "*",
  },
  {
    "action": null,
    "number": 22,
    "owner": null,
    "prefix": "#",
    "ref": "#22",
    "repo": null,
    "type": "*",
  },
]
`;
