// Vitest Snapshot v1, https://vitest.dev/guide/snapshot.html

exports[`unit:changelog/models/CommitGroup > #toJSON > should return json-serializable commit group 1`] = `
{
  "commits": [
    {
      "author": {
        "email": "unicornware@flexdevelopment.llc",
        "name": "Lexus Drumgold",
      },
      "body": "",
      "breaking": false,
      "breaks": [],
      "date": "2023-09-12T02:07:00-04:00",
      "hash": "b61cac0",
      "header": "feat(providers): \`GitService\`",
      "mentions": [],
      "references": [],
      "scope": "providers",
      "sha": "b61cac0a01f3d6d78e05b410bb4008842ffe16c4",
      "subject": "\`GitService\`",
      "tags": [],
      "trailers": [
        {
          "token": "Signed-off-by",
          "value": "Lexus Drumgold <unicornware@flexdevelopment.llc>",
        },
      ],
      "type": "feat",
      "version": null,
    },
    {
      "author": {
        "email": "unicornware@flexdevelopment.llc",
        "name": "Lexus Drumgold",
      },
      "body": "",
      "breaking": false,
      "breaks": [],
      "date": "2023-09-08T02:35:24-04:00",
      "hash": "094f1b2",
      "header": "feat(cli): \`BumpCommand\`",
      "mentions": [],
      "references": [],
      "scope": "cli",
      "sha": "094f1b2d3c28556225d4cb9265ad7a032115e21f",
      "subject": "\`BumpCommand\`",
      "tags": [],
      "trailers": [
        {
          "token": "Signed-off-by",
          "value": "Lexus Drumgold <unicornware@flexdevelopment.llc>",
        },
      ],
      "type": "feat",
      "version": null,
    },
    {
      "author": {
        "email": "unicornware@flexdevelopment.llc",
        "name": "Lexus Drumgold",
      },
      "body": "",
      "breaking": false,
      "breaks": [],
      "date": "2023-09-08T01:40:30-04:00",
      "hash": "17c153f",
      "header": "feat(providers): \`BumpService\`",
      "mentions": [],
      "references": [],
      "scope": "providers",
      "sha": "17c153f409200d10e6e40f66826740c16208e63e",
      "subject": "\`BumpService\`",
      "tags": [],
      "trailers": [
        {
          "token": "Signed-off-by",
          "value": "Lexus Drumgold <unicornware@flexdevelopment.llc>",
        },
      ],
      "type": "feat",
      "version": null,
    },
    {
      "author": {
        "email": "unicornware@flexdevelopment.llc",
        "name": "Lexus Drumgold",
      },
      "body": "",
      "breaking": false,
      "breaks": [],
      "date": "2023-09-05T02:03:28-04:00",
      "hash": "bfb3642",
      "header": "feat(providers): \`PackageService\`",
      "mentions": [],
      "references": [],
      "scope": "providers",
      "sha": "bfb364275b741d4892afcc438a7761b46115f34b",
      "subject": "\`PackageService\`",
      "tags": [],
      "trailers": [
        {
          "token": "Signed-off-by",
          "value": "Lexus Drumgold <unicornware@flexdevelopment.llc>",
        },
      ],
      "type": "feat",
      "version": null,
    },
    {
      "author": {
        "email": "unicornware@flexdevelopment.llc",
        "name": "Lexus Drumgold",
      },
      "body": "",
      "breaking": false,
      "breaks": [],
      "date": "2023-09-04T20:42:13-04:00",
      "hash": "47d4d7d",
      "header": "feat(decorators): \`IsManifestId\`, \`IsReleaseVersion\`",
      "mentions": [],
      "references": [],
      "scope": "decorators",
      "sha": "47d4d7df5fc91193a28a3d2b5904663a2890a0d0",
      "subject": "\`IsManifestId\`, \`IsReleaseVersion\`",
      "tags": [],
      "trailers": [
        {
          "token": "Signed-off-by",
          "value": "Lexus Drumgold <unicornware@flexdevelopment.llc>",
        },
      ],
      "type": "feat",
      "version": null,
    },
    {
      "author": {
        "email": "unicornware@flexdevelopment.llc",
        "name": "Lexus Drumgold",
      },
      "body": "",
      "breaking": false,
      "breaks": [],
      "date": "2023-09-04T16:33:20-04:00",
      "hash": "208898c",
      "header": "feat(decorators): \`IsNilable\`, \`IsNullable\`, \`IsOptional\`",
      "mentions": [],
      "references": [],
      "scope": "decorators",
      "sha": "208898c9102c2ab64cf167ed4a391264a5a78ba2",
      "subject": "\`IsNilable\`, \`IsNullable\`, \`IsOptional\`",
      "tags": [],
      "trailers": [
        {
          "token": "Signed-off-by",
          "value": "Lexus Drumgold <unicornware@flexdevelopment.llc>",
        },
      ],
      "type": "feat",
      "version": null,
    },
    {
      "author": {
        "email": "unicornware@flexdevelopment.llc",
        "name": "Lexus Drumgold",
      },
      "body": "",
      "breaking": false,
      "breaks": [],
      "date": "2023-09-04T16:26:30-04:00",
      "hash": "812e10c",
      "header": "feat(models): \`Version\`",
      "mentions": [],
      "references": [],
      "scope": "models",
      "sha": "812e10c3a5054733373baeeca6a9134a89a478a8",
      "subject": "\`Version\`",
      "tags": [],
      "trailers": [
        {
          "token": "Signed-off-by",
          "value": "Lexus Drumgold <unicornware@flexdevelopment.llc>",
        },
      ],
      "type": "feat",
      "version": null,
    },
  ],
  "hidden": false,
  "key": "feat",
  "section": ":sparkles: Features",
}
`;
