// Vitest Snapshot v1, https://vitest.dev/guide/snapshot.html

exports[`integration:changelog/models/CommitType > validation > should fail validation if schema is invalid 1`] = `
[
  ValidationError {
    "children": [],
    "constraints": {
      "isBoolean": "hidden must be a boolean value",
    },
    "property": "hidden",
    "value": null,
  },
  ValidationError {
    "children": [],
    "constraints": {
      "isString": "section must be a string",
    },
    "property": "section",
    "value": null,
  },
  ValidationError {
    "children": [],
    "constraints": {
      "isString": "type must be a string",
    },
    "property": "type",
    "value": null,
  },
]
`;
