// Vitest Snapshot v1, https://vitest.dev/guide/snapshot.html

exports[`unit:models/Version > #toJSON > should return json-serializable semantic version 1`] = `
{
  "build": [
    "067c93cc68575a652d8609585bd64478c38dccfe",
  ],
  "major": 1,
  "minor": 2,
  "patch": 3,
  "prerelease": [
    "alpha",
    4,
  ],
  "version": "1.2.3-alpha.4+067c93cc68575a652d8609585bd64478c38dccfe",
}
`;
