// Vitest Snapshot v1, https://vitest.dev/guide/snapshot.html

exports[`unit:git/providers/GitService > #tags > should return tags array with unstable tags 1`] = `
[
  "1.0.0-alpha.23",
  "1.0.0-alpha.22",
  "1.0.0-alpha.21",
  "1.0.0-alpha.20",
  "1.0.0-alpha.19",
  "1.0.0-alpha.18",
  "1.0.0-alpha.17",
  "1.0.0-alpha.16",
  "1.0.0-alpha.15",
  "1.0.0-alpha.14",
  "1.0.0-alpha.13",
  "1.0.0-alpha.12",
  "1.0.0-alpha.11",
  "1.0.0-alpha.10",
  "1.0.0-alpha.9",
  "1.0.0-alpha.8",
  "1.0.0-alpha.7",
  "1.0.0-alpha.6",
  "1.0.0-alpha.5",
  "1.0.0-alpha.4",
  "1.0.0-alpha.3",
  "1.0.0-alpha.2",
  "1.0.0-alpha.1",
]
`;

exports[`unit:git/providers/GitService > #tags > should return tags array without unstable tags 1`] = `
[
  "tutils@5.0.1",
  "tutils@5.0.0",
  "tutils@4.8.0",
  "tutils@4.7.0",
  "tutils@4.6.0",
  "tutils@4.5.0",
  "tutils@4.4.0",
  "tutils@4.3.0",
  "tutils@4.2.3",
  "tutils@4.2.2",
  "tutils@4.2.1",
  "tutils@4.2.0",
  "tutils@4.1.1",
  "tutils@4.1.0",
  "tutils@4.0.3",
  "tutils@4.0.2",
  "tutils@4.0.1",
  "tutils@4.0.0",
  "tutils@3.1.7",
  "tutils@3.1.6",
  "tutils@3.1.5",
  "tutils@3.1.4",
  "tutils@3.1.3",
  "tutils@3.1.2",
  "tutils@3.1.1",
  "tutils@3.1.0",
  "tutils@3.0.0",
  "tutils@2.0.0",
  "tutils@1.0.0",
]
`;
