// Vitest Snapshot v1, https://vitest.dev/guide/snapshot.html

exports[`integration:git/operations/TagOperation > validation > should fail validation if schema is invalid 1`] = `
[
  ValidationError {
    "children": [],
    "constraints": {
      "isBoolean": "force must be a boolean value",
    },
    "property": "force",
    "value": 1,
  },
  ValidationError {
    "children": [],
    "constraints": {
      "isString": "message must be a string",
    },
    "property": "message",
    "value": null,
  },
  ValidationError {
    "children": [],
    "constraints": {
      "isString": "object must be a string",
      "minLength": "object must be longer than or equal to 1 characters",
    },
    "property": "object",
    "value": null,
  },
  ValidationError {
    "children": [],
    "constraints": {
      "isBoolean": "push must be a boolean value",
    },
    "property": "push",
    "value": 0,
  },
  ValidationError {
    "children": [],
    "constraints": {
      "minLength": "remote must be longer than or equal to 1 characters",
    },
    "property": "remote",
    "value": "",
  },
  ValidationError {
    "children": [],
    "constraints": {
      "isString": "sign must be a string",
      "minLength": "sign must be longer than or equal to 1 characters",
    },
    "property": "sign",
    "value": 1,
  },
  ValidationError {
    "children": [],
    "constraints": {
      "isNotIn": "tag should not be one of the following values: @, ?, [",
    },
    "property": "tag",
    "value": "?",
  },
  ValidationError {
    "children": [],
    "constraints": {
      "isBoolean": "verify must be a boolean value",
    },
    "property": "verify",
    "value": 1,
  },
]
`;
