// Vitest Snapshot v1, https://vitest.dev/guide/snapshot.html

exports[`unit:git/models/Commit > #body > should return empty commit body 1`] = `""`;

exports[`unit:git/models/Commit > #body > should return non-empty commit body 1`] = `"P010-28"`;

exports[`unit:git/models/Commit > #breaks > should return empty breaking changes array 1`] = `[]`;

exports[`unit:git/models/Commit > #breaks > should return non-empty breaking changes array 1`] = `
[
  {
    "date": "2023-09-04T16:26:30-04:00",
    "scope": null,
    "subject": "init project rewrite",
    "type": "refactor",
  },
]
`;

exports[`unit:git/models/Commit > #date > should return commit date 1`] = `"2021-09-18T23:29:18-04:00"`;

exports[`unit:git/models/Commit > #hash > should return abbreviated #sha 1`] = `"e003836"`;

exports[`unit:git/models/Commit > #header > should return commit header with #grammar.header match 1`] = `"feat(cli): \`BumpCommand\`"`;

exports[`unit:git/models/Commit > #header > should return commit header without #grammar.header match 1`] = `"initial commit"`;

exports[`unit:git/models/Commit > #mentions > should return empty mentions array 1`] = `[]`;

exports[`unit:git/models/Commit > #mentions > should return non-empty mentions array 1`] = `
[
  "@dependabot",
]
`;

exports[`unit:git/models/Commit > #references > should return empty reference array 1`] = `[]`;

exports[`unit:git/models/Commit > #references > should return non-empty reference array 1`] = `
[
  {
    "action": null,
    "number": 2843,
    "owner": "import-js",
    "prefix": "#",
    "ref": "#2843",
    "repo": "eslint-plugin-import",
    "type": "*",
  },
]
`;

exports[`unit:git/models/Commit > #scope > should return commit scope 1`] = `"models"`;

exports[`unit:git/models/Commit > #scope > should return null 1`] = `null`;

exports[`unit:git/models/Commit > #sha > should return commit sha 1`] = `"e00383628638335e729d1cad2971b44ba03d3074"`;

exports[`unit:git/models/Commit > #subject > should return commit subject 1`] = `"\`Version\`"`;

exports[`unit:git/models/Commit > #tags > should return empty tags array 1`] = `[]`;

exports[`unit:git/models/Commit > #tags > should return non-empty tags array 1`] = `
[
  "grease@2.0.0",
]
`;

exports[`unit:git/models/Commit > #toJSON > should return json-serializable commit 1`] = `
{
  "author": {
    "email": "unicornware@flexdevelopment.llc",
    "name": "Lexus Drumgold",
  },
  "body": "",
  "breaking": false,
  "breaks": [],
  "date": "2021-09-18T23:29:18-04:00",
  "hash": "e003836",
  "header": "release: @flex-development/grease@2.0.0",
  "mentions": [],
  "references": [],
  "scope": null,
  "sha": "e00383628638335e729d1cad2971b44ba03d3074",
  "subject": "@flex-development/grease@2.0.0",
  "tags": [
    "grease@2.0.0",
  ],
  "trailers": [],
  "type": "release",
  "version": "grease@2.0.0",
}
`;

exports[`unit:git/models/Commit > #trailers > should return empty trailers array 1`] = `[]`;

exports[`unit:git/models/Commit > #trailers > should return non-empty trailers array 1`] = `
[
  {
    "token": "Signed-off-by",
    "value": "dependabot[bot] <support@github.com>",
  },
  {
    "token": "Co-authored-by",
    "value": "dependabot[bot] <49699333+dependabot[bot]@users.noreply.github.com>",
  },
]
`;

exports[`unit:git/models/Commit > #type > should return empty commit type 1`] = `""`;

exports[`unit:git/models/Commit > #type > should return non-empty commit type 1`] = `"build"`;

exports[`unit:git/models/Commit > #version > should return null 1`] = `null`;

exports[`unit:git/models/Commit > #version > should return release tag 1`] = `"grease@2.0.0"`;
