// Vitest Snapshot v1, https://vitest.dev/guide/snapshot.html

exports[`unit:git/models/CommitGrammar > #field > should match raw commit fields 1`] = `
[
  {
    "0": "-author.email-
unicornware@flexdevelopment.llc",
    "1": "author.email",
    "2": "unicornware@flexdevelopment.llc",
    "groups": {
      "field": "author.email",
      "value": "unicornware@flexdevelopment.llc",
    },
  },
  {
    "0": "-author.name-
Lexus Drumgold",
    "1": "author.name",
    "2": "Lexus Drumgold",
    "groups": {
      "field": "author.name",
      "value": "Lexus Drumgold",
    },
  },
  {
    "0": "-body-
",
    "1": "body",
    "2": "",
    "groups": {
      "field": "body",
      "value": "",
    },
  },
  {
    "0": "-date-
2021-09-18T23:29:18-04:00",
    "1": "date",
    "2": "2021-09-18T23:29:18-04:00",
    "groups": {
      "field": "date",
      "value": "2021-09-18T23:29:18-04:00",
    },
  },
  {
    "0": "-hash-
e003836",
    "1": "hash",
    "2": "e003836",
    "groups": {
      "field": "hash",
      "value": "e003836",
    },
  },
  {
    "0": "-header-
release: @flex-development/grease@2.0.0",
    "1": "header",
    "2": "release: @flex-development/grease@2.0.0",
    "groups": {
      "field": "header",
      "value": "release: @flex-development/grease@2.0.0",
    },
  },
  {
    "0": "-sha-
e00383628638335e729d1cad2971b44ba03d3074",
    "1": "sha",
    "2": "e00383628638335e729d1cad2971b44ba03d3074",
    "groups": {
      "field": "sha",
      "value": "e00383628638335e729d1cad2971b44ba03d3074",
    },
  },
  {
    "0": "-tags-
tag: grease@2.0.0",
    "1": "tags",
    "2": "tag: grease@2.0.0",
    "groups": {
      "field": "tags",
      "value": "tag: grease@2.0.0",
    },
  },
  {
    "0": "-trailers-
",
    "1": "trailers",
    "2": "",
    "groups": {
      "field": "trailers",
      "value": "",
    },
  },
]
`;

exports[`unit:git/models/CommitGrammar > #header > should match raw commit header with [type,breaking,subject] 1`] = `
{
  "0": "feat!: watch mode",
  "1": "feat",
  "2": undefined,
  "3": "!",
  "4": "watch mode",
  "groups": {
    "breaking": "!",
    "scope": undefined,
    "subject": "watch mode",
    "type": "feat",
  },
}
`;

exports[`unit:git/models/CommitGrammar > #header > should match raw commit header with [type,scope,breaking,subject] 1`] = `
{
  "0": "refactor(utils)!: [\`analyzeOutputs\`] intake \`esbuild.Metafile.outputs\`",
  "1": "refactor",
  "2": "utils",
  "3": "!",
  "4": "[\`analyzeOutputs\`] intake \`esbuild.Metafile.outputs\`",
  "groups": {
    "breaking": "!",
    "scope": "utils",
    "subject": "[\`analyzeOutputs\`] intake \`esbuild.Metafile.outputs\`",
    "type": "refactor",
  },
}
`;

exports[`unit:git/models/CommitGrammar > #header > should match raw commit header with [type,scope,subject] 1`] = `
{
  "0": "fix(config): prevent \`import.meta.url\` from being rewritten",
  "1": "fix",
  "2": "config",
  "3": undefined,
  "4": "prevent \`import.meta.url\` from being rewritten",
  "groups": {
    "breaking": undefined,
    "scope": "config",
    "subject": "prevent \`import.meta.url\` from being rewritten",
    "type": "fix",
  },
}
`;

exports[`unit:git/models/CommitGrammar > #header > should match raw commit header with [type,subject] 1`] = `
{
  "0": "ci: add @dependabot config",
  "1": "ci",
  "2": undefined,
  "3": undefined,
  "4": "add @dependabot config",
  "groups": {
    "breaking": undefined,
    "scope": undefined,
    "subject": "add @dependabot config",
    "type": "ci",
  },
}
`;

exports[`unit:git/models/CommitGrammar > #mention > should match mentions in raw commit 1`] = `
[
  {
    "0": "@dependabot",
    "1": "@dependabot",
    "2": "dependabot",
    "groups": {
      "mention": "@dependabot",
      "user": "dependabot",
    },
  },
]
`;

exports[`unit:git/models/CommitGrammar > #reference > should match references in raw commit 1`] = `
[
  {
    "0": "import-js/eslint-plugin-import#2843",
    "1": undefined,
    "2": "import-js/eslint-plugin-import",
    "3": "import-js",
    "4": "eslint-plugin-import",
    "5": "#2843",
    "6": "#",
    "7": "2843",
    "groups": {
      "action": undefined,
      "number": "2843",
      "owner": "import-js",
      "prefix": "#",
      "ref": "#2843",
      "repo": "eslint-plugin-import",
      "repository": "import-js/eslint-plugin-import",
    },
  },
]
`;

exports[`unit:git/models/CommitGrammar > #tag > should match semantic release tag 1`] = `
{
  "0": "grease@2.0.0+ae99e7e800dcbef9e7b5720493e073e7dc7827ab",
  "1": "grease@",
  "2": "2.0.0+ae99e7e800dcbef9e7b5720493e073e7dc7827ab",
  "3": "2",
  "4": "0",
  "5": "0",
  "6": undefined,
  "7": "ae99e7e800dcbef9e7b5720493e073e7dc7827ab",
  "groups": {
    "major": "2",
    "metadata": "ae99e7e800dcbef9e7b5720493e073e7dc7827ab",
    "minor": "0",
    "patch": "0",
    "prefix": "grease@",
    "prerelease": undefined,
    "version": "2.0.0+ae99e7e800dcbef9e7b5720493e073e7dc7827ab",
  },
}
`;

exports[`unit:git/models/CommitGrammar > #tag > should match semantic version 1`] = `
{
  "0": "3.0.0-alpha.1",
  "1": "",
  "2": "3.0.0-alpha.1",
  "3": "3",
  "4": "0",
  "5": "0",
  "6": "alpha.1",
  "7": undefined,
  "groups": {
    "major": "3",
    "metadata": undefined,
    "minor": "0",
    "patch": "0",
    "prefix": "",
    "prerelease": "alpha.1",
    "version": "3.0.0-alpha.1",
  },
}
`;

exports[`unit:git/models/CommitGrammar > #trailer > should match trailers in raw commit 1`] = `
[
  {
    "0": "token: This is a very long value, with spaces and
  newlines in it.",
    "1": "token",
    "2": "This is a very long value, with spaces and
  newlines in it.",
    "groups": {
      "token": "token",
      "value": "This is a very long value, with spaces and
  newlines in it.",
    },
  },
  {
    "0": "BREAKING CHANGE: \`extends\` key now used for extending other configs",
    "1": "BREAKING CHANGE",
    "2": "\`extends\` key now used for extending other configs",
    "groups": {
      "token": "BREAKING CHANGE",
      "value": "\`extends\` key now used for extending other configs",
    },
  },
  {
    "0": "BREAKING-CHANGE: use JavaScript features not available in Node 6.",
    "1": "BREAKING-CHANGE",
    "2": "use JavaScript features not available in Node 6.",
    "groups": {
      "token": "BREAKING-CHANGE",
      "value": "use JavaScript features not available in Node 6.",
    },
  },
  {
    "0": "Reviewed-by: Z",
    "1": "Reviewed-by",
    "2": "Z",
    "groups": {
      "token": "Reviewed-by",
      "value": "Z",
    },
  },
  {
    "0": "Refs: #123",
    "1": "Refs",
    "2": "#123",
    "groups": {
      "token": "Refs",
      "value": "#123",
    },
  },
]
`;
