// Vitest Snapshot v1, https://vitest.dev/guide/snapshot.html

exports[`integration:git/models/Repository > validation > should fail validation if schema is invalid 1`] = `
[
  ValidationError {
    "children": [],
    "constraints": {
      "minLength": "owner must be longer than or equal to 1 characters",
    },
    "property": "owner",
    "value": "",
  },
  ValidationError {
    "children": [],
    "constraints": {
      "isEnum": "provider must be one of the following values: bitbucket, github, gitlab",
    },
    "property": "provider",
    "value": "",
  },
  ValidationError {
    "children": [],
    "constraints": {
      "minLength": "repo must be longer than or equal to 1 characters",
    },
    "property": "repo",
    "value": "",
  },
]
`;
