// Vitest Snapshot v1, https://vitest.dev/guide/snapshot.html

exports[`integration:changelog/queries/ChangelogQuery > validation > should fail validation if schema is invalid 1`] = `
[
  ValidationError {
    "children": [],
    "constraints": {
      "isConstructor": "Aggregator must be a constructor",
    },
    "property": "Aggregator",
    "value": [Function Aggregator],
  },
  ValidationError {
    "children": [],
    "constraints": {
      "min": "releases must not be less than -1",
    },
    "property": "releases",
    "value": -2,
  },
  ValidationError {
    "children": [],
    "constraints": {
      "arrayNotEmpty": "types should not be empty",
    },
    "property": "types",
    "value": [],
  },
  ValidationError {
    "children": [],
    "constraints": {
      "isBoolean": "unstable must be a boolean value",
    },
    "property": "unstable",
    "value": 0,
  },
]
`;
