// Vitest Snapshot v1, https://vitest.dev/guide/snapshot.html

exports[`unit:GreaseService > #bump > should return bump version 1`] = `
{
  "build": [],
  "major": 3,
  "minor": 0,
  "patch": 0,
  "prerelease": [
    "rc",
    1,
  ],
  "version": "3.0.0-rc.1",
}
`;

exports[`unit:GreaseService > #recommend > should return recommended version bump 1`] = `
{
  "breaks": 1,
  "bump": "premajor",
  "commits": 72,
  "features": 16,
  "unstable": true,
}
`;

exports[`unit:GreaseService > #tag > should return executed tag operation 1`] = `
TagOperation {
  "color": true,
  "config": true,
  "cwd": "$PWD",
  "force": false,
  "level": "warn",
  "message": "",
  "object": "HEAD",
  "push": false,
  "remote": "origin",
  "sign": true,
  "tag": "grease@3.0.0-alpha.1",
  "tagprefix": "grease@",
  "unstable": true,
  "verify": true,
}
`;

exports[`unit:GreaseService > #tags > should return tags array 1`] = `
[
  "grease@2.0.0",
  "grease@1.1.0",
  "grease@1.0.2",
  "grease@1.0.1",
  "grease@1.0.0",
]
`;
