// Vitest Snapshot v1, https://vitest.dev/guide/snapshot.html

exports[`integration:git/queries/TagQuery > validation > should fail validation if schema is invalid 1`] = `
[
  ValidationError {
    "children": [],
    "constraints": {
      "isBoolean": "color must be a boolean value",
    },
    "property": "color",
    "value": 3,
  },
  ValidationError {
    "children": [],
    "constraints": {
      "isFile": "config must be a file path or url",
    },
    "property": "config",
    "value": 0,
  },
  ValidationError {
    "children": [],
    "constraints": {
      "isEnum": "level must be one of the following values: debug, error, fatal, info, log, silent, trace, verbose, warn",
    },
    "property": "level",
    "value": "quiet",
  },
  ValidationError {
    "children": [],
    "constraints": {
      "isString": "tagprefix must be a string",
    },
    "property": "tagprefix",
    "value": /grease@/,
  },
  ValidationError {
    "children": [],
    "constraints": {
      "isBoolean": "unstable must be a boolean value",
    },
    "property": "unstable",
    "value": 1,
  },
]
`;
